
################################################################################
  eBRAM 多文档流程测试
  session_id = 844a5b73-46d7-4362-92e8-9a7745291fc4
################################################################################

================================================================================
上传 材料1：UC1_0_negotiation_intake_form (Party A).pdf
session_id = 844a5b73-46d7-4362-92e8-9a7745291fc4
================================================================================
  [start] 共 6 页
  [stage] 正在提交 PaddleOCR 任务...
  [stage] 任务已提交（jobId=36423391785062400），等待处理...
  [ocr] 6/6
  [ocr_done] 成功 6，失败 0
  [stage] 正在初始化 AI 对话会话...
  [stage] 开始逐页 AI 分析...
  [agent] 页 1/6
  [page_result] 第 1 页 [success]
  [agent] 页 2/6
  [page_result] 第 2 页 [success]
  [agent] 页 3/6
  [page_result] 第 3 页 [success]
  [agent] 页 4/6
  [page_result] 第 4 页 [success]
  [agent] 页 5/6
  [page_result] 第 5 页 [success]
  [agent] 页 6/6
  [page_result] 第 6 页 [success]
  [doc_complete] 《UC1_0_negotiation_intake_form (Party A).pdf》处理完成，共 6/6 页
  [complete] 处理完成！6/6 页分析成功

================================================================================
AGENT A 解析报告 — 材料1
================================================================================

------------------------------------------------------------
第 1 页  [status=success]
------------------------------------------------------------

  [PART A]
  [Page 1 of 1 Summary]
This page is the initial section of an Intake Form for the eBRAM online negotiation platform, serving as the formal registration of a dispute. The document identifies the submitting party as Mr. Chan Tai Man, an individual homeowner, who is represented by Ms. Sarah Lau. The case is officially titled "Renovation Contract Dispute – Substandard Work, Delays & Extra Charges," indicating a multi-faceted conflict involving construction quality, project management timelines, and financial disagreements regarding additional costs. The document establishes the basic administrative framework for the negotiation, identifying the key stakeholders and the general nature of the dispute. The tone is formal and structured, typical of a legal intake process. While the primary contact details (email and phone) and specific organization names for the representative are currently blank in this raw text, the form clearly defines the roles of the parties involved. No specific amounts or dates are mentioned on this introductory page, as it focuses on party identification and case categorization.

  [PART B]
  {
    "submitting_party_info": {
      "name": "Mr. Chan Tai Man",
      "role": "Homeowner",
      "party_type": "Individual",
      "representative_name": "Ms. Sarah Lau"
    },
    "case_overview": {
      "title": "Renovation Contract Dispute – Substandard Work, Delays & Extra Charges",
      "nature_of_dispute": "Renovation Contract Dispute",
      "brief_description": "Substandard Work, Delays & Extra Charges"
    }
  }

------------------------------------------------------------
第 2 页  [status=success]
------------------------------------------------------------

  [PART A]
  [Page 2 of 2 Summary]
This page provides the substantive background and chronology of the dispute within the Intake Form. The matter involves a renovation contract between the homeowner, Mr. Chan, and Zhi Yu Engineering Company, valued at HK$2,202,000. The dispute centers on three primary grievances: significant project delays, the unauthorized substitution of inferior materials, and the imposition of unapproved extra labor charges. According to the provided timeline, the contract was signed on 31 Oct 2024, with an original schedule spanning from 1 Nov 2024 to 15 Jan 2025. However, the project was not completed until 7 Feb 2025, representing a 23-day delay. Mr. Chan discovered the material substitutions during a site visit, which the contractor subsequently confirmed were unauthorized. As a result of these issues, Mr. Chan claims to have incurred additional accommodation and logistics costs. The document indicates that supporting evidence has been provided, including the contract, quotations, correspondence, and other reference documents. The tone is factual and assertive, outlining clear breaches of the original agreement.

  [PART B]
  {
    "other_party_info": {
      "organization": "Zhi Yu Engineering Company"
    },
    "case_overview": {
      "brief_description": "Mr. Chan contracted Zhi Yu Engineering Company to renovate his flat under a HK$2,202,000 contract. However, the contractor caused significant delays, substituted inferior materials without consent, and imposed unapproved extra charges."
    },
    "timeline_events": [
      {
        "date": "31 Oct 2024",
        "event": "Contract signed"
      },
      {
        "date": "1 Nov 2024",
        "event": "Original schedule start date"
      },
      {
        "date": "15 Jan 2025",
        "event": "Original schedule end date"
      },
      {
        "date": "7 Feb 2025",
        "event": "Actual completion (23 days late)"
      }
    ],
    "disputed_issues": [
      {
        "issue_id": "1",
        "title": "Project Delays",
        "details": "Completion was 23 days late compared to the original schedule."
      },
      {
        "issue_id": "2",
        "title": "Material Substitution",
        "details": "Contractor substituted inferior materials without consent."
      },
      {
        "issue_id": "3",
        "title": "Unauthorized Charges",
        "details": "Contractor imposed unapproved extra labor charges."
      }
    ],
    "alleged_breaches": [
      {
        "by": "Zhi Yu Engineering Company",
        "against": "Mr. Chan",
        "description": "Significant delays, unauthorized material substitution, and unapproved extra charges"
      }
    ],
    "amounts": [
      {
        "item": "Renovation contract",
        "amount": "HK$2,202,000",
        "currency": "HKD",
        "description": "Total contract value for flat renovation",
        "status": "contractual"
      },
      {
        "item": "Extra labor charges",
        "amount": "Not specified",
        "currency": "HKD",
        "description": "Unapproved charges imposed by contractor",
        "status": "disputed"
      },
      {
        "item": "Accommodation & logistics costs",
        "amount": "Not specified",
        "currency": "HKD",
        "description": "Additional costs incurred by Mr. Chan due to delays",
        "status": "claimed"
      }
    ],
    "evidence": [
      {
        "type": "contract",
        "description": "Contract / Draft Agreement",
        "status": "submitted"
      },
      {
        "type": "quotation",
        "description": "Proposals / Quotations",
        "status": "submitted"
      },
      {
        "type": "correspondence",
        "description": "Correspondence",
        "status": "submitted"
      },
      {
        "type": "other",
        "description": "Evidence or Reference Documents",
        "status": "submitted"
      }
    ]
  }

------------------------------------------------------------
第 3 页  [status=success]
------------------------------------------------------------

  [PART A]
  [Page 3 of 3 Summary]
This page details the specific points of contention in the dispute between Mr. Chan and the contractor, categorized into three primary issues and an additional valuation finding. Issue 1 focuses on material substitutions, where the contractor allegedly used thinner ceramic tiles instead of porcelain, lower-grade waterproofing, and chrome-plated plastic fixtures instead of stainless steel. Issue 2 addresses the 23-day delay beyond the agreed completion date, noting missed milestones in demolition, waterproofing, and tiling, which forced the homeowner to incur extra living and accommodation expenses. Issue 3 concerns financial discrepancies, specifically extra invoices exceeding HK$1,100,000 issued without prior consent or an initial itemized breakdown, which Mr. Chan claims contradicts the contract terms. Notably, the page mentions that an independent valuer has assessed a HK$220,000 depreciation in the property's value due to the substandard work. The tone is technical and accusatory, highlighting specific deviations from the agreed scope of work. The mention of an independent valuer adds an expert-led dimension to the claims.

  [PART B]
  {
    "disputed_issues": [
      {
        "issue_id": "1",
        "title": "Material Substitutions",
        "details": "Installation of thinner ceramic tiles instead of porcelain; lower-grade waterproofing; chrome-plated plastic fixtures instead of stainless steel.",
        "priority": "High"
      },
      {
        "issue_id": "2",
        "title": "Project Delays",
        "details": "23-day delay; missed milestones for tiling, waterproofing, and demolition; caused extra living expenses.",
        "priority": "High"
      },
      {
        "issue_id": "3",
        "title": "Unauthorized Invoices",
        "details": "Extra invoices exceeding HK$1,100,000 without consent or itemized breakdown; not aligned with contract.",
        "priority": "High"
      }
    ],
    "contractual_vs_actual": [
      {
        "item": "Floor Tiles",
        "specified": "Porcelain",
        "actual": "Thinner ceramic tiles",
        "discrepancy": "Material type and thickness substitution"
      },
      {
        "item": "Fixtures",
        "specified": "Stainless steel",
        "actual": "Chrome-plated plastic",
        "discrepancy": "Material quality substitution"
      },
      {
        "item": "Waterproofing",
        "specified": "Contracted grade",
        "actual": "Lower-grade material",
        "discrepancy": "Quality substitution"
      }
    ],
    "amounts": [
      {
        "item": "Extra invoices",
        "amount": "HK$1,100,000+",
        "currency": "HKD",
        "description": "Unapproved invoices without itemized breakdown",
        "status": "disputed"
      },
      {
        "item": "Property depreciation",
        "amount": "HK$220,000",
        "currency": "HKD",
        "description": "Depreciation due to substandard work as found by independent valuer",
        "status": "assessed_by_third_party"
      }
    ],
    "third_parties": [
      {
        "name": "Independent valuer",
        "role": "Valuation expert",
        "findings": "HK$220,000 depreciation due to substandard work"
      }
    ],
    "gaps_and_issues": [
      {
        "type": "missing_evidence",
        "description": "No itemized breakdown provided initially for extra invoices",
        "why_it_matters": "Prevents verification of the validity of the HK$1,100,000+ charges"
      }
    ]
  }

------------------------------------------------------------
第 4 页  [status=success]
------------------------------------------------------------

  [PART A]
  [Page 4 of 4 Summary]
This final page of the Intake Form outlines Mr. Chan’s negotiation objectives, priorities, and settlement boundaries. The dispute is categorized as a "High" priority. Mr. Chan’s desired outcome is comprehensive, seeking full reimbursement for all unapproved charges, specific compensation of HK$330,000 for additional accommodation and logistics expenses, and HK$220,000 for the diminution in property value. Furthermore, he demands either the physical rectification of material defects or equivalent monetary compensation, alongside a formal assurance that no further charges will be levied. His "Minimum Acceptable Outcome" (walk-away point) is more focused on cost recovery, including proven extra expenses, the property value reduction, and the removal of unapproved charges, with the overarching goal of reaching a settlement to avoid litigation. Mr. Chan indicates a "Moderate" level of flexibility, suggesting a willingness to negotiate on the total package provided his core financial losses and the property's value loss are addressed. The tone is firm and goal-oriented, clearly defining the financial stakes involved in the negotiation.

  [PART B]
  {
    "submitting_party_objectives": {
      "desired_outcome": [
        "Full reimbursement for unapproved charges",
        "Compensation for additional accommodation/logistics (HK$330,000)",
        "Compensation for diminution in value (HK$220,000)",
        "Rectification or monetary compensation for material defects",
        "Assurance of no further charges"
      ],
      "minimum_acceptable_outcome": [
        "Partial compensation covering proven extra expenses",
        "Property value reduction compensation",
        "Removal of unapproved charges",
        "Mutually agreed settlement without litigation"
      ],
      "flexibility_level": "Moderate",
      "priorities_ranking": "High"
    },
    "amounts": [
      {
        "item": "Accommodation/logistics compensation",
        "amount": "HK$330,000",
        "currency": "HKD",
        "description": "Claimed compensation for additional expenses due to delays",
        "status": "claimed"
      },
      {
        "item": "Diminution in value compensation",
        "amount": "HK$220,000",
        "currency": "HKD",
        "description": "Claimed compensation for property value reduction",
        "status": "claimed"
      }
    ]
  }

------------------------------------------------------------
第 5 页  [status=success]
------------------------------------------------------------

  [PART A]
  [Page 5 of 5 Summary]
This page concludes the Intake Form by outlining Mr. Chan’s proposed solutions and identifying the opposing party. Mr. Chan offers several settlement alternatives to facilitate the negotiation, including the direct reimbursement of unapproved extra charges and a lump-sum settlement intended to cover both the project delays and the property depreciation. Notably, he expresses a willingness to accept cash compensation in lieu of physical rework if the latter is deemed impractical, suggesting a pragmatic approach to the material defects. He also seeks a formal agreement regarding future warranties or a specific timeline for defect rectification. The other party is identified as Zhi Yu Engineering Company, with Alex Chan and Project Manager James Chen named as the primary contact persons. The section regarding the other party's expected positions is left blank on this page, indicating that the submitting party has not yet formally speculated on the contractor's specific defense or counter-arguments within this document. The tone remains professional and solution-oriented, focusing on closing the dispute through financial or remedial agreements.

  [PART B]
  {
    "other_party_info": {
      "name": "Alex Chan / James Chen",
      "organization": "Zhi Yu Engineering Company",
      "contact_person": "James Chen (Project Manager)"
    },
    "proposed_solutions": [
      {
        "solution": "Contractor reimburses unapproved extra charges"
      },
      {
        "solution": "Contractor provides cash compensation instead of rework",
        "conditions": "If rework is impractical"
      },
      {
        "solution": "Lump-sum settlement covering delays + depreciation"
      },
      {
        "solution": "Agreement on future warranty or defect rectification timeline"
      }
    ],
    "contract_terms": [
      {
        "clause": "Warranty",
        "category": "warranty",
        "description": "Agreement on future warranty or defect rectification timeline"
      }
    ]
  }

------------------------------------------------------------
第 6 页  [status=success]
------------------------------------------------------------

  [PART A]
  [Page 6 of 6 Summary]
This final page of the Intake Form serves as a placeholder for additional notes and includes a visual evidence component. The primary content of this page is a large image box (referenced as "img_in_image_box_142_235_1045_747.jpg"), which likely contains photographic evidence of the substandard work or material substitutions mentioned in previous sections. No additional text-based facts, claims, or figures are provided in the "Additional Notes" field. The document concludes with the platform's website address, marking the end of the formal intake process. As the image content is not described in text, the specific nature of the visual evidence remains a gap in the narrative, though it is intended to support the homeowner's claims regarding material defects. The page maintains the structured format of the eBRAM platform.

  [PART B]
  {
    "evidence": [
      {
        "id": "img_in_image_box_142_235_1045_747.jpg",
        "type": "photo",
        "description": "Visual evidence included in the Additional Notes section",
        "status": "submitted"
      }
    ],
    "gaps_and_issues": [
      {
        "type": "gap",
        "description": "Content of the image evidence is not described in text",
        "why_it_matters": "The specific defects or substitutions being visually proven are not explicitly detailed on this page."
      }
    ]
  }

================================================================================
上传 材料2：UC1_1_exihibit_submission (Party A).pdf
session_id = 844a5b73-46d7-4362-92e8-9a7745291fc4
================================================================================
  [start] 共 22 页
  [stage] 正在提交 PaddleOCR 任务...
  [stage] 任务已提交（jobId=36423565051478016），等待处理...
  [ocr] 22/22
  [ocr_done] 成功 22，失败 0
  [stage] 正在初始化 AI 对话会话...
  [stage] 开始逐页 AI 分析...
  [agent] 页 1/22
  [page_result] 第 1 页 [success]
  [agent] 页 2/22
  [page_result] 第 2 页 [success]
  [agent] 页 3/22
  [page_result] 第 3 页 [success]
  [agent] 页 4/22
  [page_result] 第 4 页 [success]
  [agent] 页 5/22
  [page_result] 第 5 页 [success]
  [agent] 页 6/22
  [page_result] 第 6 页 [success]
  [agent] 页 7/22
  [page_result] 第 7 页 [success]
  [agent] 页 8/22
  [page_result] 第 8 页 [success]
  [agent] 页 9/22
  [page_result] 第 9 页 [success]
  [agent] 页 10/22
  [page_result] 第 10 页 [success]
  [agent] 页 11/22
  [page_result] 第 11 页 [success]
  [agent] 页 12/22
  [page_result] 第 12 页 [success]
  [agent] 页 13/22
  [page_result] 第 13 页 [success]
  [agent] 页 14/22
  [page_result] 第 14 页 [success]
  [agent] 页 15/22
  [page_result] 第 15 页 [success]
  [agent] 页 16/22
  [page_result] 第 16 页 [success]
  [agent] 页 17/22
  [page_result] 第 17 页 [success]
  [agent] 页 18/22
  [page_result] 第 18 页 [success]
  [agent] 页 19/22
  [page_result] 第 19 页 [success]
  [agent] 页 20/22
  [page_result] 第 20 页 [success]
  [agent] 页 21/22
  [page_result] 第 21 页 [success]
  [agent] 页 22/22
  [page_result] 第 22 页 [success]
  [doc_complete] 《UC1_1_exihibit_submission (Party A).pdf》处理完成，共 22/22 页
  [complete] 处理完成！22/22 页分析成功

================================================================================
AGENT A 解析报告 — 材料2
================================================================================

------------------------------------------------------------
第 1 页  [status=success]
------------------------------------------------------------

  [PART A]
  [Page 1 of 1 Summary]
This document is Exhibit A of a case submission to the eBRAM International Online Dispute Resolution Centre, dated 14 March 2025. It serves as the formal introduction and summary of the original signed renovation contract between the Claimant, Mr. Chan Tai Man (represented by Ms. Sarah Tan of Wong & Chan Solicitors), and the Respondent, Zhi Yu Engineering Company. The contract, signed on 31 October 2024, establishes the legal basis for the dispute and covers the interior renovation of a 4,700 sq. ft. flat located at Block 88B, Yee King Court, Tai Po Plaza.

The page outlines critical contractual terms, including a total project value of HK$2,202,000 and a 75-day timeline spanning from 1 November 2024 to 15 January 2025. The scope involves demolition, masonry, waterproofing, and plumbing using premium-grade materials such as quartz stone and stainless steel. Payment was structured in three installments: HK$660,600 (30%) at signing, HK$880,800 (40%) at the midway point, and HK$660,600 (30%) upon completion. The document emphasizes that any material substitutions required prior written approval and that the project must comply with Hong Kong Building Department standards. The tone is formal and legalistic, clearly framing the contract as the foundational evidence for the upcoming arbitration under eBRAM APEC Rules.

  [PART B]
  {
    "submitting_party_info": {
      "name": "Mr. Chan Tai Man",
      "role": "Claimant",
      "representative_name": "Ms. Sarah Tan",
      "representative_org": "Wong & Chan Solicitors"
    },
    "other_party_info": {
      "name": "Zhi Yu Engineering Company"
    },
    "case_overview": {
      "title": "Exhibit A – Submission of Signed Contract",
      "nature_of_dispute": "Renovation contract dispute",
      "brief_description": "Interior renovation of 4,700 sq. ft. flat at Block 88B, Yee King Court, Tai Po Plaza",
      "dispute_resolution_mechanism": "eBRAM APEC Rules"
    },
    "timeline_events": [
      {
        "date": "31 October 2024",
        "event": "Original renovation contract signed"
      },
      {
        "date": "1 Nov 2024 – 15 Jan 2025",
        "event": "Contracted project timeline (75 days)"
      },
      {
        "date": "14 March 2025",
        "event": "Submission of Exhibit A to eBRAM"
      }
    ],
    "contract_terms": [
      {
        "clause": "1",
        "category": "scope_of_work",
        "description": "Interior renovation of 4,700 sq. ft. flat including demolition, masonry, waterproofing, plumbing, and door installation"
      },
      {
        "clause": "2",
        "category": "timeline",
        "description": "1 Nov 2024 – 15 Jan 2025 (75 days)"
      },
      {
        "clause": "3",
        "category": "material_specification",
        "description": "Premium-grade tiles, waterproofing membranes, quartz stone finishes, and stainless steel fixtures; written approval required for substitutions"
      },
      {
        "clause": "4",
        "category": "payment",
        "description": "30% upon signing, 40% midway, 30% upon completion"
      },
      {
        "clause": "6",
        "category": "other",
        "description": "Compliance with Hong Kong Building Department standards"
      },
      {
        "clause": "7",
        "category": "dispute_resolution",
        "description": "eBRAM APEC Rules"
      },
      {
        "clause": "Delay Penalties",
        "category": "penalty",
        "description": "Contract outlines penalties for delays"
      }
    ],
    "amounts": [
      {
        "item": "Total Contract Amount",
        "amount": "2,202,000",
        "currency": "HK$",
        "description": "Total value of the renovation project",
        "status": "contractual"
      },
      {
        "item": "First Installment (30%)",
        "amount": "660,600",
        "currency": "HK$",
        "description": "Payment due upon signing",
        "status": "contractual"
      },
      {
        "item": "Second Installment (40%)",
        "amount": "880,800",
        "currency": "HK$",
        "description": "Midway payment",
        "status": "contractual"
      },
      {
        "item": "Final Installment (30%)",
        "amount": "660,600",
        "currency": "HK$",
        "description": "Payment due upon completion",
        "status": "contractual"
      }
    ],
    "evidence": [
      {
        "id": "Exhibit A",
        "type": "contract",
        "description": "Original signed contract dated 31 October 2024",
        "status": "submitted",
        "strength": "strong"
      }
    ],
    "legal_references": [
      {
        "type": "building_code",
        "reference": "Hong Kong Building Department standards",
        "relevance": "Quality standards for renovation work"
      },
      {
        "type": "regulation",
        "reference": "eBRAM APEC Rules",
        "relevance": "Governing rules for dispute resolution"
      }
    ]
  }

------------------------------------------------------------
第 2 页  [status=success]
------------------------------------------------------------

  [PART A]
  [Page 2 of 2 Summary]
This page serves as the formal cover sheet or title page for the "Zhi Yu Engineering Company Renovation Contract." It explicitly identifies the document as a contract for interior design and renovation materials. The subject property is specified as Block 88B, Yee King Court, Tai Po Plaza. The document is dated 31st October 2024, which aligns with the signing date mentioned in previous submissions. This page establishes the formal identity of the agreement between the parties and confirms the specific location of the renovation project. No specific figures, claims, or emotional cues are present on this page, as it functions primarily as a header for the legal agreement. The information is presented in a standard, professional format typical of construction and design service contracts.

  [PART B]
  {
    "other_party_info": {
      "name": "Zhi Yu Engineering Company"
    },
    "case_overview": {
      "title": "Zhi Yu Engineering Company Renovation Contract",
      "nature_of_dispute": "Interior design and renovation materials",
      "brief_description": "Renovation project at Block 88B, Yee King Court, Tai Po Plaza"
    },
    "timeline_events": [
      {
        "date": "31st October 2024",
        "event": "Contract Date"
      }
    ],
    "evidence": [
      {
        "type": "contract",
        "description": "Zhi Yu Engineering Company Renovation Contract cover page",
        "status": "submitted"
      }
    ]
  }

------------------------------------------------------------
第 3 页  [status=success]
------------------------------------------------------------

  [PART A]
  [Page 3 of 3 Summary]
This page details the contractor's corporate information and the initial sections of the project's scope of work. The contractor is identified as Zhi Yu Engineering Company, located in Kwai Chung, with Alex Chan serving as the primary contact person. The document confirms the project location at Block 88B, Yee King Court, Tai Po Plaza, and specifies a significant usable area of 4,700 sq. ft.

The technical breakdown is divided into two main categories: Preliminary Works and Demolition Works. Preliminary items include the provision of third-party insurance with a coverage limit of HK$10,000,000, site protection, and scaffolding, totaling HK$10,000. The Demolition Works section is extensive, covering the removal of the main door, internal room doors, kitchen and bathroom tiles, and living room flooring, with a sub-total cost of HK$528,000. The tone is strictly administrative and technical, providing a granular look at the early phases of the project. No disputes or emotional cues are evident on this page; however, it provides the specific cost benchmarks for the demolition phase which may be relevant if the progress of these works is later contested.

  [PART B]
  {
    "other_party_info": {
      "name": "Zhi Yu Engineering Company",
      "organization": "Zhi Yu Engineering Company",
      "contact_person": "Alex Chan"
    },
    "contract_terms": [
      {
        "clause": "1.a",
        "category": "insurance",
        "description": "Third-Party Insurance coverage up to HK$10 million"
      },
      {
        "clause": "1.c",
        "category": "scope_of_work",
        "description": "Water Pipe Scaffold Setup"
      },
      {
        "clause": "2",
        "category": "scope_of_work",
        "description": "Demolition of doors, kitchen/bathroom tiles, living room/bedroom floor tiles, and cabinets"
      }
    ],
    "amounts": [
      {
        "item": "Preliminary Works Sub-total",
        "amount": "10,000",
        "currency": "HKD",
        "description": "Cost for insurance, protection, and scaffolding",
        "status": "contractual"
      },
      {
        "item": "Demolition Works Sub-total",
        "amount": "528,000",
        "currency": "HKD",
        "description": "Cost for removal of doors, tiles, and cabinets",
        "status": "contractual"
      }
    ],
    "other_info": "Project Address: Block 88B, Yee King Court, Tai Po Plaza; Usable Area: 4,700 sq. ft.; Contractor Phone: +852 1234 5678; Contractor Email: alex.chan@zhiyuengineering.hk"
  }

------------------------------------------------------------
第 4 页  [status=success]
------------------------------------------------------------

  [PART A]
  [Page 4 of 4 Summary]
This page continues the detailed breakdown of the renovation contract's scope of work, specifically covering Masonry, Waterproofing, Doors, and Plumbing sections. The Masonry Works represent the largest financial component on this page, totaling HK$895,000, which includes plastering, tiling, shower base foundation, and the installation of wood-pattern tiles and quartz stone surfaces. The Waterproofing Works, valued at HK$315,000, specify precise technical requirements, such as applying waterproofing up to 1800mm in the shower area and 1200mm for the kitchen sink area.

The Doors section, totaling HK$228,000, covers the installation of the main door, two bedroom doors, kitchen and bathroom doors, and a shower screen. Finally, the Plumbing section, totaling HK$226,000, details the cold and hot water supply connections for various appliances and fixtures in both the kitchen and bathroom. The document maintains a highly technical and itemized tone, providing specific measurements and quantities. These detailed specifications are critical for the case as they establish the exact standards against which the actual work quality and completion will likely be measured. No emotional cues or gaps are noted on this page, as it serves as a continuation of the technical price schedule.

  [PART B]
  {
    "contract_terms": [
      {
        "clause": "3",
        "category": "scope_of_work",
        "description": "Masonry works including plastering, tiling, floor raising, and quartz stone surfaces"
      },
      {
        "clause": "4",
        "category": "material_specification",
        "description": "Waterproofing: Kitchen (1200mm sink/300mm other), Bathroom (1800mm shower/1500mm other)"
      },
      {
        "clause": "5",
        "category": "scope_of_work",
        "description": "Installation of main door, 2 bedroom doors, kitchen/bathroom doors, and shower screen"
      },
      {
        "clause": "6",
        "category": "scope_of_work",
        "description": "Plumbing for kitchen (sink, washing machine, dishwasher) and bathroom (heater, shower, sink)"
      }
    ],
    "amounts": [
      {
        "item": "Masonry Works Sub-total",
        "amount": "895,000",
        "currency": "HKD",
        "description": "Plastering, tiling, and quartz stone works",
        "status": "contractual"
      },
      {
        "item": "Waterproofing Works Sub-total",
        "amount": "315,000",
        "currency": "HKD",
        "description": "Kitchen and bathroom waterproofing application",
        "status": "contractual"
      },
      {
        "item": "Doors Sub-total",
        "amount": "228,000",
        "currency": "HKD",
        "description": "Installation of 5 door sets and 1 shower screen",
        "status": "contractual"
      },
      {
        "item": "Plumbing Total Cost",
        "amount": "226,000",
        "currency": "HKD",
        "description": "Water supply connections for kitchen and bathroom",
        "status": "contractual"
      }
    ]
  }

------------------------------------------------------------
第 5 页  [status=success]
------------------------------------------------------------

  [PART A]
  [Page 5 of 5 Summary]
This final page of the renovation contract establishes the project's temporal and financial framework, as well as the governing dispute resolution mechanism. The project was scheduled for a 75-day duration, starting on 1 November 2024 and concluding on 15 January 2025. The total contract amount is confirmed as HK$2,202,000, structured into three payments: an initial deposit of HK$660,600 (30%), a midway payment of HK$880,800 (40%), and a final payment of HK$660,600 (30%) contingent upon completion and final inspection.

Crucially, the document includes a dispute resolution clause specifying that any claims must be settled in accordance with the eBRAM APEC Rules. The page contains the signature of the client, Mr. Chan Tai Man, dated 31 October 2024. While the contractor representative's name (Alex Chan) and a handwritten mark "Xian" are present, the formal signature line and date for the contractor appear to be blank or incomplete in the provided text, which could be a point of contention regarding formal execution. The tone is conclusive and binding, providing the necessary legal formalities to close the agreement.

  [PART B]
  {
    "submitting_party_info": {
      "name": "Chan Tai Man",
      "role": "Client"
    },
    "other_party_info": {
      "name": "Alex Chan",
      "organization": "Zhi Yu Engineering Company"
    },
    "case_overview": {
      "dispute_resolution_mechanism": "eBRAM APEC Rules"
    },
    "timeline_events": [
      {
        "date": "31st October 2024",
        "event": "Contract signed by Client"
      },
      {
        "date": "November 1, 2024",
        "event": "Project Start Date"
      },
      {
        "date": "January 15, 2025",
        "event": "Project Completion Date"
      }
    ],
    "contract_terms": [
      {
        "clause": "Project Timeline",
        "category": "timeline",
        "description": "75 days duration from Nov 1, 2024 to Jan 15, 2025"
      },
      {
        "clause": "Payment Schedule 1",
        "category": "payment",
        "description": "30% Initial Deposit upon contract signing"
      },
      {
        "clause": "Payment Schedule 2",
        "category": "payment",
        "description": "40% Midway Payment upon completion of half of the works"
      },
      {
        "clause": "Payment Schedule 3",
        "category": "payment",
        "description": "30% Final Payment upon project completion and final inspection"
      },
      {
        "clause": "Dispute Resolution",
        "category": "dispute_resolution",
        "description": "Settled in accordance with the APEC Rules of eBRAM"
      }
    ],
    "amounts": [
      {
        "item": "Total Contract Amount",
        "amount": "2,202,000",
        "currency": "HK$",
        "status": "contractual"
      },
      {
        "item": "Initial Deposit",
        "amount": "660,600",
        "currency": "HK$",
        "status": "contractual"
      },
      {
        "item": "Midway Payment",
        "amount": "880,800",
        "currency": "HK$",
        "status": "contractual"
      },
      {
        "item": "Final Payment",
        "amount": "660,600",
        "currency": "HK$",
        "status": "contractual"
      }
    ],
    "gaps_and_issues": [
      {
        "type": "missing_evidence",
        "description": "Contractor's signature date and formal signature line appear blank",
        "why_it_matters": "Could affect the proof of mutual execution of the contract"
      }
    ]
  }

------------------------------------------------------------
第 6 页  [status=success]
------------------------------------------------------------

  [PART A]
  [Page 6 of 6 Summary]
This document, titled Exhibit B and dated 14 March 2025, presents photographic evidence and a comparison of substandard materials allegedly used by the Respondent, Zhi Yu Engineering Company. The exhibit serves to document specific breaches of contract regarding material specifications. The Claimant argues that the Respondent substituted high-quality, specified materials with inferior alternatives, affecting the project's durability, safety, and aesthetic value.

Key discrepancies are highlighted across three categories: floor tiles, waterproofing, and fixtures. Specifically, the contract required 10mm Brand A porcelain tiles, but 6mm Brand X ceramic tiles were installed. For waterproofing, a 3-layer Brand B membrane was specified, yet a generic roll-on sealant was used, which already shows early signs of failure. Furthermore, stainless steel fixtures from Brand C were replaced with chrome-plated plastic alternatives prone to corrosion. The tone of the document is accusatory and evidentiary, utilizing technical comparisons to support the claim of a contractual breach. The exhibit includes an annotated photo set, a comparison chart, and expert notes to substantiate these findings. No specific monetary values for the damages are listed on this page, but the qualitative downgrade is clearly defined.

  [PART B]
  {
    "case_overview": {
      "title": "Exhibit B – Photographic Evidence of Substandard Materials"
    },
    "timeline_events": [
      {
        "date": "14 March 2025",
        "event": "Submission of Exhibit B documenting material discrepancies"
      }
    ],
    "alleged_breaches": [
      {
        "by": "Respondent",
        "against": "Claimant",
        "description": "Use of inferior materials (tiles, waterproofing, fixtures) in breach of contract specifications"
      }
    ],
    "contractual_vs_actual": [
      {
        "item": "Floor Tiles",
        "specified": "Porcelain, 10mm, Brand A",
        "actual": "Ceramic, 6mm, Brand X",
        "discrepancy": "Thinner, less durable, uneven finish"
      },
      {
        "item": "Waterproofing",
        "specified": "Brand B membrane, 3-layer",
        "actual": "Generic roll-on sealant",
        "discrepancy": "Lower water resistance, early signs of failure"
      },
      {
        "item": "Fixtures",
        "specified": "Stainless steel (Brand C)",
        "actual": "Chrome-plated plastic",
        "discrepancy": "Prone to corrosion, aesthetic downgrade"
      }
    ],
    "evidence": [
      {
        "id": "Exhibit B",
        "type": "photo",
        "description": "Annotated photo set documenting tiling, waterproofing, and fixtures",
        "status": "submitted",
        "strength": "moderate"
      },
      {
        "id": "Comparison Chart",
        "type": "other",
        "description": "Chart comparing specified vs installed materials",
        "status": "submitted"
      },
      {
        "id": "Expert Notes",
        "type": "expert_report",
        "description": "Notes highlighting differences in texture, thickness, and finish",
        "status": "submitted",
        "strength": "expert_opinion"
      }
    ]
  }

------------------------------------------------------------
第 7 页  [status=success]
------------------------------------------------------------

  [PART A]
  [Page 7 of 7 Summary]
This page continues Exhibit B, providing further visual documentation and expert analysis regarding the alleged use of substandard materials by the Respondent. The evidence focuses on two primary areas: waterproofing quality and additional material discrepancies such as wall paint and fixtures. The photographic evidence is used to demonstrate that the installed waterproofing lacks the required thickness and brand-specific quality specified in the contract, leading to concerns over durability. Furthermore, the exhibit highlights visible flaws in the wall paint and fixtures, which do not conform to the agreed-upon contractual standards.

A significant addition on this page is the inclusion of an "Expert Note" from an independent building materials consultant. The consultant confirms that the installed materials—specifically the thinner ceramic tiles, non-branded waterproofing, and chrome-plated plastic fixtures—fail to meet the durability and safety standards expected for residential renovations. The expert warns that these substitutions significantly compromise the longevity of the work and increase the risk of water damage and corrosion in humid areas like kitchens and bathrooms. The tone is technical and authoritative, aimed at reinforcing the Claimant's argument that the Respondent's deviations from the contract constitute a serious risk to the property's integrity.

  [PART B]
  {
    "contractual_vs_actual": [
      {
        "item": "Waterproofing",
        "specified": "Contractual brand and thickness",
        "actual": "Non-branded substitutes",
        "discrepancy": "Insufficient thickness, lower quality and durability"
      },
      {
        "item": "Wall Paint",
        "specified": "Contractual standards",
        "actual": "Inferior materials",
        "discrepancy": "Visible flaws and nonconformance"
      },
      {
        "item": "Fixtures",
        "specified": "Stainless steel",
        "actual": "Chrome-plated plastic",
        "discrepancy": "High risk of corrosion and mechanical failure"
      }
    ],
    "evidence": [
      {
        "id": "Waterproofing Photos",
        "type": "photo",
        "description": "Photos showcasing discrepancies in thickness and brand of waterproofing",
        "status": "submitted",
        "strength": "moderate"
      },
      {
        "id": "Material Flaw Photos",
        "type": "photo",
        "description": "Photos of wall paint and fixtures underlining visible flaws",
        "status": "submitted",
        "strength": "moderate"
      },
      {
        "id": "Consultant Review",
        "type": "expert_report",
        "description": "Independent building materials consultant's confirmation of substandard materials",
        "status": "submitted",
        "strength": "expert_opinion"
      }
    ],
    "gaps_and_issues": [
      {
        "type": "unsupported_claim",
        "description": "Specific brand of the 'inferior' wall paint is not named on this page",
        "why_it_matters": "Needs verification against the original contract line items"
      }
    ]
  }

------------------------------------------------------------
第 8 页  [status=success]
------------------------------------------------------------

  [PART A]
  [Page 8 of 8 Summary]
This document, titled Exhibit C and dated 14 March 2025, is a formal submission by Mr. Chan Tai Man and his legal representative, Ms. Sarah Tan, to the eBRAM Centre. Its primary purpose is to document the Respondent's failure to adhere to the project schedule. The exhibit provides a comparative analysis between the original contractual milestones and the actual completion dates, supported by email correspondence where the Respondent reportedly acknowledged the delays.

The data reveals a progressive slippage in the project timeline. While the demolition phase was delayed by 8 days (completed 18 Nov 2024), both the tiling and waterproofing phases suffered 15-day delays. The most significant discrepancy is found in the Final Handover, which occurred on 7 February 2025 instead of the scheduled 15 January 2025, resulting in a total delay of 23 days. The Claimant argues that these disruptions forced him to seek alternative living arrangements and caused additional financial burdens. The tone is firm and evidentiary, focusing on establishing a clear link between the Respondent's missed deadlines and the Claimant's resulting damages. The mention of email acknowledgments from the Respondent suggests a strong evidentiary basis for the claim of delay.

  [PART B]
  {
    "submitting_party_info": {
      "name": "Mr. Chan Tai Man",
      "representative_name": "Ms. Sarah Tan",
      "role": "Claimant"
    },
    "case_overview": {
      "title": "Exhibit C – Project Timeline and Delay Documentation"
    },
    "timeline_events": [
      {
        "date": "10 Nov 2024",
        "event": "Scheduled completion of Demolition"
      },
      {
        "date": "18 Nov 2024",
        "event": "Actual completion of Demolition"
      },
      {
        "date": "25 Nov 2024",
        "event": "Scheduled completion of Tiling"
      },
      {
        "date": "10 Dec 2024",
        "event": "Actual completion of Tiling"
      },
      {
        "date": "5 Dec 2024",
        "event": "Scheduled completion of Waterproofing"
      },
      {
        "date": "20 Dec 2024",
        "event": "Actual completion of Waterproofing"
      },
      {
        "date": "15 Jan 2025",
        "event": "Scheduled Final Handover"
      },
      {
        "date": "7 Feb 2025",
        "event": "Actual Final Handover"
      }
    ],
    "disputed_issues": [
      {
        "issue_id": "DELAY_001",
        "title": "Project Completion Delay",
        "details": "Total delay of 23 days in final handover, impacting property use and living costs",
        "priority": "high"
      }
    ],
    "contractual_vs_actual": [
      {
        "item": "Demolition Completion",
        "specified": "10 Nov 2024",
        "actual": "18 Nov 2024",
        "discrepancy": "8 days delay"
      },
      {
        "item": "Tiling Completion",
        "specified": "25 Nov 2024",
        "actual": "10 Dec 2024",
        "discrepancy": "15 days delay"
      },
      {
        "item": "Waterproofing Completion",
        "specified": "5 Dec 2024",
        "actual": "20 Dec 2024",
        "discrepancy": "15 days delay"
      },
      {
        "item": "Final Handover",
        "specified": "15 Jan 2025",
        "actual": "7 Feb 2025",
        "discrepancy": "23 days delay"
      }
    ],
    "evidence": [
      {
        "id": "Exhibit C Timeline",
        "type": "other",
        "description": "Visual charts juxtaposing original schedule vs actual progress",
        "status": "submitted",
        "strength": "strong"
      },
      {
        "id": "Respondent Emails",
        "type": "correspondence",
        "description": "Emails from Respondent acknowledging project delays",
        "status": "mentioned_not_submitted",
        "strength": "strong"
      }
    ],
    "submitting_party_objectives": {
      "desired_outcome": [
        "Compensation for delays and alternative living arrangements"
      ]
    }
  }

------------------------------------------------------------
第 9 页  [status=success]
------------------------------------------------------------

  [PART A]
  [Page 9 of 9 Summary]
This page serves as a concluding attachment to Exhibit C, reinforcing the Claimant's argument regarding the significant project delays. It emphasizes that the Respondent’s failure to meet agreed-upon milestones directly forced Mr. Chan Tai Man into alternative living arrangements, thereby substantiating his request for financial compensation. The narrative highlights that the delays were not isolated incidents but cumulative, leading to an extended project duration that prevented the Claimant from occupying his property at Block 88B, Yee King Court, as originally planned.

The page features a visual representation of the "Original timeline" in chart form, which is intended to be compared against the actual progress achieved. By marking each missed milestone and the specific duration of each delay, the exhibit aims to provide the Arbitrator with a clear, visual demonstration of the Respondent's breach of the 75-day contractual timeline. The tone remains objective yet firm, focusing on the "consequential impact" on the Claimant's life and finances. No new specific dates or amounts are introduced on this page, but it serves to validate the data presented on the previous page by providing the visual evidence of the scheduling discrepancies.

  [PART B]
  {
    "submitting_party_info": {
      "name": "Mr. Chan Tai Man",
      "role": "Claimant"
    },
    "case_overview": {
      "title": "Exhibit C Attachment - Timeline Comparison"
    },
    "submitting_party_objectives": {
      "desired_outcome": [
        "Compensation for delays",
        "Recovery of costs for alternative living arrangements"
      ]
    },
    "disputed_issues": [
      {
        "issue_id": "DELAY_001",
        "title": "Cumulative Project Delays",
        "details": "Respondent's failure to meet milestones leading to extended project duration and inability to occupy property",
        "priority": "high"
      }
    ],
    "evidence": [
      {
        "id": "Original Timeline Chart",
        "type": "other",
        "description": "Detailed chart comparing original project schedule with actual progress",
        "status": "submitted",
        "strength": "strong"
      }
    ],
    "gaps_and_issues": [
      {
        "type": "unsupported_claim",
        "description": "Specific costs for 'alternative living arrangements' are mentioned but not quantified on this page",
        "why_it_matters": "Necessary for calculating the exact compensation amount requested"
      }
    ]
  }

------------------------------------------------------------
第 10 页  [status=success]
------------------------------------------------------------

  [PART A]
  [Page 10 of 10 Summary]
This page presents a critical piece of correspondence: an email from Zhi Yu Engineering Company to the Claimant, Mr. Chan Tai Man, regarding project delays. Sent by James Chen, the Project Manager, the email formally notifies the client of a delay in the delivery of custom fixtures required for the interior work phase. The Respondent attributes this setback to production issues encountered by their third-party supplier, which resulted in a delivery backlog.

The email provides an estimated delay of two weeks and serves as a direct admission of the schedule slippage by the contractor. The tone of the communication is apologetic and professional, requesting the client's patience while the company attempts to resolve the matter with the supplier. This document is significant as it provides evidence of the Respondent's acknowledgment of the delay, which aligns with the claims made in Exhibit C. However, it notably shifts the responsibility for the delay onto an external supplier rather than the contractor's own internal operations. There is no specific date visible on the email header in this raw text, which is a gap that would be necessary to pin the exact timing of this communication within the overall project timeline.

  [PART B]
  {
    "other_party_info": {
      "name": "James Chen",
      "organization": "Zhi Yu Engineering Company",
      "contact_person": "James Chen"
    },
    "timeline_events": [
      {
        "date": "Unknown",
        "event": "Zhi Yu Engineering Company sends email notification of a two-week delay"
      }
    ],
    "disputed_issues": [
      {
        "issue_id": "DELAY_002",
        "title": "Custom Fixture Delivery Delay",
        "details": "Estimated two-week delay due to supplier production issues and backlog",
        "priority": "medium"
      }
    ],
    "communications": [
      {
        "date": "Unknown",
        "action": "Email sent to Mr. Chan",
        "by": "James Chen (Project Manager)",
        "to": "Chan Tai Man",
        "type": "email",
        "topic": "Delay in Delivery of Custom Fixtures for Interior Work",
        "outcome": "Respondent admitted to a 2-week delay citing supplier issues"
      }
    ],
    "third_parties": [
      {
        "name": "Unnamed Supplier",
        "role": "Material Supplier",
        "involvement": "Encountered production issues causing fixture delivery backlog"
      }
    ],
    "gaps_and_issues": [
      {
        "type": "gap",
        "description": "The specific date of the email is not visible in the provided text",
        "why_it_matters": "Essential for determining exactly when the delay occurred relative to the contract milestones"
      }
    ],
    "emotional_cues": [
      {
        "cue": "Regret and apology",
        "source": "James Chen",
        "implication": "Acknowledgment of fault or at least responsibility for the schedule slippage"
      }
    ]
  }

------------------------------------------------------------
第 11 页  [status=success]
------------------------------------------------------------

  [PART A]
  [Page 11 of 11 Summary]
This page contains a second formal email communication from James Chen, Project Manager at Zhi Yu Engineering Company, addressed to Mr. Chan Tai Man. The purpose of this correspondence is to notify the Claimant of a further delay, specifically regarding the waterproofing installation phase. The Respondent cites adverse weather conditions—specifically heavy rain—as the primary cause for the disruption, claiming that the moisture prevented the maintenance of dry conditions necessary for proper material application.

As a result of these environmental factors, the contractor estimated an additional extension of approximately ten days to the project timeline. Like the previous email, the tone is professional and apologetic, with the contractor promising to monitor conditions and provide further updates. This document serves as further evidence of the Respondent's acknowledgment of project slippage, though it attributes this specific delay to "force majeure" type circumstances (weather) rather than supplier issues. Notably, the specific date of this email is again missing from the text, which constitutes a gap in the chronological record of the dispute. This ten-day delay, combined with the previously mentioned two-week delay, contributes to the cumulative 23-day delay claimed in Exhibit C.

  [PART B]
  {
    "other_party_info": {
      "name": "James Chen",
      "organization": "Zhi Yu Engineering Company",
      "contact_person": "James Chen"
    },
    "timeline_events": [
      {
        "date": "Unknown",
        "event": "Zhi Yu Engineering Company sends email notification of a ten-day waterproofing delay"
      }
    ],
    "disputed_issues": [
      {
        "issue_id": "DELAY_003",
        "title": "Waterproofing Installation Delay",
        "details": "Ten-day delay attributed to heavy rain preventing proper application conditions",
        "priority": "medium"
      }
    ],
    "communications": [
      {
        "date": "Unknown",
        "action": "Email sent to Mr. Chan",
        "by": "James Chen (Project Manager)",
        "to": "Chan Tai Man",
        "type": "email",
        "topic": "Update on Waterproofing Installation Delay",
        "outcome": "Respondent admitted to a 10-day delay citing weather conditions"
      }
    ],
    "gaps_and_issues": [
      {
        "type": "gap",
        "description": "The specific date of the email is not provided",
        "why_it_matters": "Prevents exact mapping of the delay against the contractual milestone of 5 Dec 2024"
      }
    ],
    "emotional_cues": [
      {
        "cue": "Apologetic",
        "source": "James Chen",
        "implication": "Maintains professional responsibility while attributing cause to external factors"
      }
    ]
  }

------------------------------------------------------------
第 12 页  [status=success]
------------------------------------------------------------

  [PART A]
  [Page 12 of 12 Summary]
This page appears to be a duplicate or a mislabeled version of the correspondence found on Page 11. Despite the bold header titled "Delay in Delivery of Custom Fixtures for Interior Work" (which matches the subject of Page 10), the actual body text of the email discusses a delay in "waterproofing installation" due to "heavy rain" and "weather conditions." 

The content explicitly mentions an extension of approximately ten days to the installation timeline because the contractor could not maintain the dry conditions required for proper application. The email is signed by James Chen, Project Manager of Zhi Yu Engineering Company. The discrepancy between the header (Fixtures) and the body (Waterproofing) suggests a clerical error in the Respondent's communication or the document assembly. Like the previous pages, the specific date of the email is not visible, which remains a significant information gap. This page reinforces the Respondent's pattern of attributing project delays to external factors, though the internal inconsistency of the document itself may be worth noting for the negotiation.

  [PART B]
  {
    "other_party_info": {
      "name": "James Chen",
      "organization": "Zhi Yu Engineering Company",
      "contact_person": "James Chen"
    },
    "disputed_issues": [
      {
        "issue_id": "DELAY_003",
        "title": "Waterproofing Installation Delay",
        "details": "Ten-day delay due to heavy rain and inability to maintain dry conditions",
        "priority": "medium"
      }
    ],
    "communications": [
      {
        "date": "Unknown",
        "action": "Email sent to Mr. Chan",
        "by": "James Chen (Project Manager)",
        "to": "Chan Tai Man",
        "type": "email",
        "topic": "Delay in Delivery of Custom Fixtures (Header) / Waterproofing (Body)",
        "outcome": "Respondent notified client of a 10-day delay"
      }
    ],
    "gaps_and_issues": [
      {
        "type": "contradiction",
        "description": "The email header mentions 'Custom Fixtures' but the body text discusses 'Waterproofing'",
        "why_it_matters": "Indicates potential clerical errors or lack of attention to detail in Respondent's project management"
      },
      {
        "type": "gap",
        "description": "Specific date of communication is missing",
        "why_it_matters": "Prevents chronological mapping of the dispute"
      }
    ]
  }

------------------------------------------------------------
第 13 页  [status=success]
------------------------------------------------------------

  [PART A]
  [Page 13 of 13 Summary]
This page contains a third distinct email notification from James Chen, Project Manager at Zhi Yu Engineering Company, addressed to Mr. Chan Tai Man. This correspondence focuses on a delay specifically affecting the tiling and flooring installation phase. The Respondent cites "unexpected shipment issues" encountered by their supplier, which resulted in a shortage of the tiles specified in the contract.

The email estimates a setback of approximately two weeks (14 days). Similar to previous communications, the tone is apologetic and seeks the client's understanding while claiming that the company is working to expedite delivery and prevent further delays. This document is significant as it provides a specific explanation for the tiling delay noted in Exhibit C (which recorded a 15-day actual delay for tiling). By attributing the issue to supplier shipment problems, the Respondent again attempts to shift the primary cause of the delay to a third party. As with the previous emails, the exact date of the communication is not visible in the text, leaving a gap in the chronological record of when the client was first notified of this specific issue.

  [PART B]
  {
    "other_party_info": {
      "name": "James Chen",
      "organization": "Zhi Yu Engineering Company",
      "contact_person": "James Chen"
    },
    "timeline_events": [
      {
        "date": "Unknown",
        "event": "Zhi Yu Engineering Company sends email notification of a two-week tiling and flooring delay"
      }
    ],
    "disputed_issues": [
      {
        "issue_id": "DELAY_004",
        "title": "Tiling and Flooring Installation Delay",
        "details": "Two-week delay due to supplier shipment issues and tile shortage",
        "priority": "medium"
      }
    ],
    "communications": [
      {
        "date": "Unknown",
        "action": "Email sent to Mr. Chan",
        "by": "James Chen (Project Manager)",
        "to": "Chan Tai Man",
        "type": "email",
        "topic": "Delay Notification for Tiling and Flooring Installation",
        "outcome": "Respondent admitted to a 2-week delay citing supply chain issues"
      }
    ],
    "third_parties": [
      {
        "name": "Unnamed Supplier",
        "role": "Material Supplier",
        "involvement": "Encountered shipment issues causing a shortage of specified tiles"
      }
    ],
    "gaps_and_issues": [
      {
        "type": "gap",
        "description": "Email date is missing",
        "why_it_matters": "Necessary to verify if notice was given before or after the scheduled milestone of 25 Nov 2024"
      }
    ],
    "emotional_cues": [
      {
        "cue": "Regret and reassurance",
        "source": "James Chen",
        "implication": "Attempts to mitigate client frustration by promising to expedite delivery"
      }
    ]
  }

------------------------------------------------------------
第 14 页  [status=success]
------------------------------------------------------------

  [PART A]
  [Page 14 of 14 Summary]
This document, titled Exhibit D and dated 14 March 2025, serves as a formal introduction to the communication records between the Claimant, Mr. Chan Tai Man, and the Respondent, Zhi Yu Engineering Company. The exhibit is designed to demonstrate Mr. Chan’s proactive efforts to resolve emerging project issues and to highlight the Respondent's perceived lack of adequate cooperation.

The narrative outlines three primary areas of concern raised by Mr. Chan: repeated requests for updated timelines following delays, formal objections to the unauthorized substitution of materials (as documented in Exhibit B), and inquiries regarding unexpected charges that were not part of the original HK$2,202,000 contract. The document notes that the Respondent’s responses were often delayed or insufficient, which the Claimant argues led to a breakdown in trust and project coordination. The tone is professional but critical of the Respondent's communication style. While this page serves as a cover sheet and summary of the attached email threads and WhatsApp screenshots, it does not list the specific dates or content of those individual messages, which are presumably contained in the subsequent attachments.

  [PART B]
  {
    "submitting_party_info": {
      "name": "Mr. Chan Tai Man",
      "role": "Claimant"
    },
    "other_party_info": {
      "organization": "Zhi Yu Engineering Company"
    },
    "case_overview": {
      "title": "Exhibit D – Communication Records Regarding Project Issues"
    },
    "timeline_events": [
      {
        "date": "14 March 2025",
        "event": "Submission of Exhibit D documenting communication history"
      }
    ],
    "disputed_issues": [
      {
        "issue_id": "COMM_001",
        "title": "Inadequate Communication",
        "details": "Respondent provided delayed or insufficient responses to project inquiries",
        "priority": "medium"
      },
      {
        "issue_id": "COST_001",
        "title": "Unexpected Charges",
        "details": "Inquiries regarding additional charges not included in the original contract",
        "priority": "high"
      }
    ],
    "alleged_breaches": [
      {
        "by": "Respondent",
        "against": "Mr. Chan",
        "description": "Unauthorized material substitutions and failure to provide timely project updates"
      }
    ],
    "evidence": [
      {
        "id": "Exhibit D",
        "type": "correspondence",
        "description": "Email and message exchanges between Mr. Chan and the Respondent",
        "status": "submitted",
        "strength": "moderate"
      },
      {
        "id": "WhatsApp Screenshots",
        "type": "chat_record",
        "description": "Screenshots of WhatsApp threads regarding project issues",
        "status": "submitted",
        "strength": "moderate"
      }
    ],
    "gaps_and_issues": [
      {
        "type": "missing_evidence",
        "description": "The specific dates and content of the 'unexpected charges' are not detailed on this page",
        "why_it_matters": "Essential for calculating the total disputed amount beyond the base contract"
      }
    ],
    "emotional_cues": [
      {
        "cue": "Breakdown in trust",
        "source": "Mr. Chan",
        "implication": "Indicates a significant deterioration of the professional relationship"
      }
    ]
  }

------------------------------------------------------------
第 15 页  [status=success]
------------------------------------------------------------

  [PART A]
  [Page 15 of 15 Summary]
This page is an attachment to Exhibit D, featuring a specific email sent by the Claimant, Mr. Chan Tai Man, to the Respondent's Project Manager, James Chen, on 15 February 2025. The email, titled "Inquiry About Material Substitutions," documents the exact moment the Claimant formally raised concerns regarding the quality of work following a site visit. 

In the correspondence, Mr. Chan notes that the materials being used for tiling and waterproofing do not appear to match the specifications outlined in the original contract. He explicitly requests confirmation of any substitutions and asks for detailed information regarding these changes. The tone of the email is polite, professional, and inquiry-based, rather than overtly confrontational, reflecting Mr. Chan's proactive attempt to seek clarification before the dispute escalated. This communication is a key piece of evidence as it establishes a timeline for when the Respondent was put on notice regarding the material discrepancies later detailed in Exhibit B. It also highlights the Claimant's diligence in monitoring the project. No response from James Chen is included on this specific page.

  [PART B]
  {
    "submitting_party_info": {
      "name": "Chan Tai Man",
      "role": "Claimant"
    },
    "other_party_info": {
      "name": "James Chen",
      "organization": "Zhi Yu Engineering Company",
      "contact_person": "James Chen"
    },
    "timeline_events": [
      {
        "date": "15th February 2025",
        "event": "Mr. Chan sends formal inquiry regarding material substitutions after site visit"
      }
    ],
    "disputed_issues": [
      {
        "issue_id": "MAT_001",
        "title": "Unauthorized Material Substitutions",
        "details": "Tiling and waterproofing materials appear different from contract specifications",
        "priority": "high"
      }
    ],
    "communications": [
      {
        "date": "15th February 2025",
        "action": "Email sent to James Chen",
        "by": "Chan Tai Man",
        "to": "James Chen",
        "type": "email",
        "topic": "Inquiry About Material Substitutions",
        "outcome": "Formal request for clarification on material changes"
      }
    ],
    "evidence": [
      {
        "id": "Email 15 Feb 2025",
        "type": "correspondence",
        "description": "Email from Mr. Chan inquiring about tiling and waterproofing substitutions",
        "status": "submitted",
        "strength": "strong"
      }
    ],
    "gaps_and_issues": [
      {
        "type": "gap",
        "description": "The Respondent's reply to this inquiry is not shown on this page",
        "why_it_matters": "Necessary to see if the Respondent admitted to or justified the substitutions at that time"
      }
    ]
  }

------------------------------------------------------------
第 16 页  [status=success]
------------------------------------------------------------

  [PART A]
  [Page 16 of 16 Summary]
This page presents an email response from James Chen, Project Manager at Zhi Yu Engineering Company, to Mr. Chan Tai Man regarding project delays. This correspondence appears to be a reply to an inquiry from the Claimant, specifically addressing the tiling and flooring phase of the renovation. In the email, the Respondent formally admits to a schedule slippage, attributing the cause to "shipment issues" with their external supplier which resulted in a shortage of materials.

The Respondent estimates the duration of this specific delay to be approximately two weeks. The tone of the communication is professional and apologetic, with James Chen offering an assurance that the company is working to resolve the issue and will provide further updates. This document serves as a key piece of evidence for the Claimant to establish that the Respondent was aware of and acknowledged the delays in writing. While the body of the email provides clear facts regarding the cause and duration of the delay, the specific date of this email is not visible in the provided text, which is a notable gap for establishing the exact sequence of events in the case timeline.

  [PART B]
  {
    "other_party_info": {
      "name": "James Chen",
      "organization": "Zhi Yu Engineering Company",
      "contact_person": "James Chen"
    },
    "timeline_events": [
      {
        "date": "Unknown",
        "event": "James Chen sends email acknowledging a two-week delay in tiling and flooring"
      }
    ],
    "disputed_issues": [
      {
        "issue_id": "DELAY_004",
        "title": "Tiling and Flooring Installation Delay",
        "details": "Two-week delay confirmed by Respondent due to supplier shipment issues",
        "priority": "medium"
      }
    ],
    "communications": [
      {
        "date": "Unknown",
        "action": "Email reply to Mr. Chan",
        "by": "James Chen (Project Manager)",
        "to": "Chan Tai Man",
        "type": "email",
        "topic": "RE: Inquiry About Project Delays",
        "outcome": "Respondent admitted to a 2-week delay and apologized for the inconvenience"
      }
    ],
    "third_parties": [
      {
        "name": "Unnamed Supplier",
        "role": "Material Supplier",
        "involvement": "Shipment issues causing material shortage for tiling phase"
      }
    ],
    "gaps_and_issues": [
      {
        "type": "gap",
        "description": "The specific date of this email is missing",
        "why_it_matters": "Crucial for determining if the notification was timely according to the contract"
      }
    ],
    "emotional_cues": [
      {
        "cue": "Apologetic",
        "source": "James Chen",
        "implication": "Acknowledgment of the impact of the delay on the client"
      }
    ]
  }

------------------------------------------------------------
第 17 页  [status=success]
------------------------------------------------------------

  [PART A]
  [Page 17 of 17 Summary]
This page contains an email from the Claimant, Mr. Chan Tai Man, addressed to James Chen, the Project Manager of Zhi Yu Engineering Company. The email, titled "Inquiry About Project Delays," serves as a formal request for a status update regarding the tiling and flooring installation phase. Mr. Chan points out that, according to the original project schedule, this specific phase should have already been completed.

The tone of the communication is polite, professional, and constructive. Mr. Chan explicitly asks for a confirmed completion date and requests further information regarding the causes of the delay. This document is significant as it demonstrates the Claimant’s proactive management of the project and his reliance on the "original schedule" as a benchmark for performance. It establishes that the Claimant was monitoring milestones closely and sought clarification as soon as a discrepancy became apparent. However, like several previous pages, the specific date of this email is not visible in the text, which is a key piece of missing information needed to determine exactly when the Claimant first flagged the tiling delay relative to the contractual deadline of 25 November 2024.

  [PART B]
  {
    "submitting_party_info": {
      "name": "Chan Tai Man",
      "role": "Claimant"
    },
    "other_party_info": {
      "name": "James Chen",
      "organization": "Zhi Yu Engineering Company",
      "contact_person": "James Chen"
    },
    "disputed_issues": [
      {
        "issue_id": "DELAY_004",
        "title": "Tiling and Flooring Installation Delay",
        "details": "Phase not completed according to the original schedule",
        "priority": "medium"
      }
    ],
    "communications": [
      {
        "date": "Unknown",
        "action": "Email sent to James Chen",
        "by": "Chan Tai Man",
        "to": "James Chen",
        "type": "email",
        "topic": "Inquiry About Project Delays",
        "outcome": "Formal request for progress update and expected completion date"
      }
    ],
    "evidence": [
      {
        "id": "Delay Inquiry Email",
        "type": "correspondence",
        "description": "Email from Mr. Chan requesting update on tiling and flooring progress",
        "status": "submitted",
        "strength": "moderate"
      }
    ],
    "gaps_and_issues": [
      {
        "type": "gap",
        "description": "The date of the email is not visible",
        "why_it_matters": "Necessary to establish the timeline of when the Claimant first noticed and questioned the delay"
      }
    ]
  }

------------------------------------------------------------
第 18 页  [status=success]
------------------------------------------------------------

  [PART A]
  [Page 18 of 18 Summary]
This page provides a transcript of a mobile messaging exchange (likely WhatsApp) between Mr. Chan and the Project Manager, James Chen, dated around 20 February 2025. The conversation covers two critical points of dispute: the ongoing tiling delay and a new conflict regarding "specialized labor" charges.

In the first part of the exchange, James confirms they are still waiting for tiles from the supplier, promising arrival "next week." The second part, dated 20 February 2025, captures a direct confrontation regarding a recent invoice. Mr. Chan questions additional charges for "specialized labor" that were not previously discussed. James justifies these costs as "extra work" necessitated by weather-related waterproofing delays. Mr. Chan firmly pushes back, noting that these charges were not part of the original agreement and demands an itemized breakdown. 

The tone of the messages is informal but increasingly tense. Mr. Chan’s communication style is direct and assertive regarding financial transparency, while James appears reactive, attempting to justify cost overruns as a consequence of the weather delays previously mentioned in Exhibit C. This page is vital as it documents the emergence of a financial dispute over "extra work" and highlights a potential breach of the fixed-price nature of the original HK$2,202,000 contract.

  [PART B]
  {
    "submitting_party_info": {
      "name": "Mr. Chan",
      "role": "Claimant"
    },
    "other_party_info": {
      "name": "James",
      "organization": "Zhi Yu Engineering Company"
    },
    "timeline_events": [
      {
        "date": "20th February 2025",
        "event": "Dispute arises over 'specialized labor' charges on the latest invoice"
      }
    ],
    "disputed_issues": [
      {
        "issue_id": "COST_001",
        "title": "Unauthorized Specialized Labor Charges",
        "details": "Additional charges for waterproofing labor attributed to weather delays, not in original agreement",
        "priority": "high"
      },
      {
        "issue_id": "DELAY_004",
        "title": "Tiling Material Shortage",
        "details": "Ongoing wait for tile delivery from supplier",
        "priority": "medium"
      }
    ],
    "amounts": [
      {
        "item": "Specialized labor",
        "amount": "Unknown",
        "currency": "HKD",
        "description": "Extra labor for waterproofing due to weather delays",
        "status": "disputed"
      }
    ],
    "evidence": [
      {
        "id": "Chat Record 20 Feb",
        "type": "chat_record",
        "description": "Messaging exchange regarding invoice discrepancies and material status",
        "status": "submitted",
        "strength": "strong"
      }
    ],
    "communications": [
      {
        "date": "20th February 2025",
        "action": "Messaging exchange",
        "by": "Mr. Chan",
        "to": "James",
        "type": "other",
        "topic": "Invoice inquiry and specialized labor charges",
        "outcome": "Mr. Chan demanded an itemized breakdown; James promised it by tomorrow"
      }
    ],
    "gaps_and_issues": [
      {
        "type": "unsupported_claim",
        "description": "Respondent claims weather delays justify extra labor charges without prior client approval",
        "why_it_matters": "Determines if the Respondent breached the contract by charging beyond the agreed sum"
      }
    ],
    "emotional_cues": [
      {
        "cue": "Firmness/Skepticism",
        "source": "Mr. Chan",
        "implication": "Claimant is closely monitoring costs and will not accept undocumented charges"
      }
    ]
  }

------------------------------------------------------------
第 19 页  [status=success]
------------------------------------------------------------

  [PART A]
  [Page 19 of 19 Summary]
This page contains an email response from James Chen, Project Manager at Zhi Yu Engineering Company, addressed to a "Mr. Lee." This appears to be a formal reply to a request for project updates and clarification on financial discrepancies. In the email, the Respondent acknowledges the concerns raised regarding both the project timeline and the additional charges previously discussed in the messaging records.

James Chen states that he is in the process of compiling two key documents: an updated project schedule and a detailed breakdown of the extra costs incurred. He commits to providing these details by the end of the week. The tone of the communication is professional and conciliatory, aimed at addressing the client's growing concerns. However, there is a notable naming discrepancy on this page, as the recipient is addressed as "Mr. Lee" instead of "Mr. Chan," which may suggest a clerical error by the Respondent or that Mr. Lee is a representative/associate of the Claimant. Additionally, the specific date of this email is not visible, and there is no confirmation on this page whether the promised breakdown or updated schedule was actually delivered. This represents a continuing gap in the Respondent's fulfillment of information requests.

  [PART B]
  {
    "other_party_info": {
      "name": "James Chen",
      "organization": "Zhi Yu Engineering Company",
      "contact_person": "James Chen"
    },
    "disputed_issues": [
      {
        "issue_id": "COST_001",
        "title": "Unauthorized Specialized Labor Charges",
        "details": "Respondent acknowledges need to provide breakdown of extra costs incurred",
        "priority": "high"
      },
      {
        "issue_id": "DELAY_001",
        "title": "Cumulative Project Delays",
        "details": "Respondent acknowledges need for an updated project schedule",
        "priority": "high"
      }
    ],
    "proposed_solutions": [
      {
        "solution": "Provision of an updated schedule and cost breakdown",
        "conditions": "To be sent by the end of the week"
      }
    ],
    "communications": [
      {
        "date": "Unknown",
        "action": "Email reply to Mr. Lee",
        "by": "James Chen",
        "to": "Mr. Lee",
        "type": "email",
        "topic": "RE: Formal Request for Project Updates",
        "outcome": "Respondent promised to provide updated schedule and cost breakdown by end of week"
      }
    ],
    "third_parties": [
      {
        "name": "Mr. Lee",
        "role": "Recipient",
        "involvement": "Addressed as the recipient of the project update instead of Mr. Chan"
      }
    ],
    "gaps_and_issues": [
      {
        "type": "contradiction",
        "description": "Email is addressed to 'Mr. Lee' despite the case being filed by Mr. Chan Tai Man",
        "why_it_matters": "May indicate administrative confusion or involvement of an undisclosed representative"
      },
      {
        "type": "gap",
        "description": "The specific date of the email and the actual promised documents are missing",
        "why_it_matters": "Necessary to verify if the Respondent met their self-imposed deadline for transparency"
      }
    ]
  }

------------------------------------------------------------
第 20 页  [status=success]
------------------------------------------------------------

  [PART A]
  [Page 20 of 20 Summary]
This page contains a formal email from the Claimant, Mr. Chan Tai Man, addressed to James Chen of Zhi Yu Engineering Company. The email, titled "Formal Request for Project Updates," serves as a comprehensive demand for transparency following a series of project disruptions. Mr. Chan explicitly requests a status update on all current project phases and a definitive anticipated timeline for the remaining work, citing the "multiple delays" encountered to date.

Beyond the schedule, the Claimant also demands formal documentation for two other major points of contention: the unauthorized material substitutions and the additional charges applied to the project. The tone of the correspondence is firm, structured, and professional, signaling a shift from informal inquiries to a more formal documentation of the dispute. This letter is a critical piece of evidence as it consolidates the Claimant's grievances—delays, materials, and costs—into a single formal request for cooperation. However, the specific date of this email is not visible in the provided text, which remains a consistent gap in the case file's chronological record. This document establishes the Claimant's attempt to resolve the issues through formal communication before escalating to legal or mediation proceedings.

  [PART B]
  {
    "submitting_party_info": {
      "name": "Chan Tai Man",
      "role": "Claimant"
    },
    "other_party_info": {
      "name": "James Chen",
      "organization": "Zhi Yu Engineering Company",
      "contact_person": "James Chen"
    },
    "submitting_party_objectives": {
      "desired_outcome": [
        "Updated timeline for all remaining work",
        "Documentation for material substitutions",
        "Documentation for extra charges"
      ]
    },
    "disputed_issues": [
      {
        "issue_id": "DELAY_001",
        "title": "Cumulative Project Delays",
        "details": "Multiple delays across project phases requiring a clear completion date",
        "priority": "high"
      },
      {
        "issue_id": "MAT_001",
        "title": "Unauthorized Material Substitutions",
        "details": "Request for formal documentation on changes made to specified materials",
        "priority": "high"
      },
      {
        "issue_id": "COST_001",
        "title": "Unauthorized Extra Charges",
        "details": "Request for documentation justifying additional costs applied",
        "priority": "high"
      }
    ],
    "communications": [
      {
        "date": "Unknown",
        "action": "Formal email sent to James Chen",
        "by": "Chan Tai Man",
        "to": "James Chen",
        "type": "email",
        "topic": "Formal Request for Project Updates",
        "outcome": "Formal demand for schedule, material, and cost documentation"
      }
    ],
    "gaps_and_issues": [
      {
        "type": "gap",
        "description": "The date of the formal request is missing",
        "why_it_matters": "Crucial for determining the Respondent's response time to a formal demand"
      }
    ]
  }

------------------------------------------------------------
第 21 页  [status=success]
------------------------------------------------------------

  [PART A]
  [Page 21 of 21 Summary]
This page presents a mobile messaging transcript (WhatsApp) that provides critical chronological context for the tiling and billing disputes. The exchange is divided into two dates: 10 February 2025 and 20 February 2025. 

On 10 February, Mr. Chan follows up on the tiling progress, noting a week of silence. James Chen responds by blaming the supplier for the tile delay, promising arrival "next week." This confirms that the tiling delay was already a significant issue by early February. The second exchange on 20 February 2025 documents Mr. Chan’s immediate reaction to a new invoice containing "specialized labor" charges. James Chen justifies these costs as necessary "extra work" for waterproofing due to weather conditions. Mr. Chan immediately challenges this, requesting an itemized breakdown and noting the lack of prior discussion or agreement. 

The tone is urgent from the Claimant's side and reactive from the Respondent's side. This page is essential as it provides the specific date (10 Feb) for the tiling follow-up and reinforces the 20 Feb date for the financial dispute, establishing a clear timeline of the Claimant's repeated attempts to seek transparency and the Respondent's consistent attribution of issues to external factors (suppliers and weather).

  [PART B]
  {
    "submitting_party_info": {
      "name": "Mr. Chan",
      "role": "Claimant"
    },
    "other_party_info": {
      "name": "James",
      "organization": "Zhi Yu Engineering Company"
    },
    "timeline_events": [
      {
        "date": "10th February 2025",
        "event": "Mr. Chan follows up on tiling delay; James cites ongoing supplier issues"
      },
      {
        "date": "20th February 2025",
        "event": "Mr. Chan disputes 'specialized labor' charges on the latest invoice"
      }
    ],
    "disputed_issues": [
      {
        "issue_id": "DELAY_004",
        "title": "Tiling and Flooring Installation Delay",
        "details": "Ongoing delay as of 10 Feb 2025 due to tile shipment issues",
        "priority": "medium"
      },
      {
        "issue_id": "COST_001",
        "title": "Unauthorized Specialized Labor Charges",
        "details": "Additional labor costs for waterproofing attributed to weather delays, challenged by client",
        "priority": "high"
      }
    ],
    "amounts": [
      {
        "item": "Specialized labor",
        "amount": "Unknown",
        "currency": "HKD",
        "description": "Extra labor for waterproofing due to weather delays",
        "status": "disputed"
      }
    ],
    "evidence": [
      {
        "id": "Chat Record 10/20 Feb",
        "type": "chat_record",
        "description": "WhatsApp exchange documenting tiling follow-up and invoice dispute",
        "status": "submitted",
        "strength": "strong"
      }
    ],
    "communications": [
      {
        "date": "10th February 2025",
        "action": "Message follow-up",
        "by": "Mr. Chan",
        "to": "James",
        "type": "other",
        "topic": "Tiling update",
        "outcome": "Respondent promised materials would arrive next week"
      },
      {
        "date": "20th February 2025",
        "action": "Message inquiry",
        "by": "Mr. Chan",
        "to": "James",
        "type": "other",
        "topic": "Invoice dispute",
        "outcome": "Claimant requested itemized breakdown of specialized labor"
      }
    ],
    "emotional_cues": [
      {
        "cue": "Persistence",
        "source": "Mr. Chan",
        "implication": "Claimant is actively tracking the schedule and costs"
      }
    ]
  }

------------------------------------------------------------
第 22 页  [status=success]
------------------------------------------------------------

  [PART A]
  [Page 22 of 22 Summary]
This page contains a critical email response from James Chen, Project Manager at Zhi Yu Engineering Company, addressed to Mr. Chan. In this correspondence, the Respondent formally admits to the unauthorized substitution of materials, specifically regarding the waterproofing products. James Chen justifies these changes by citing "supply issues" and asserts that the substituted materials meet industry standards and were chosen for their durability. 

Significantly, the Respondent offers a direct apology for the failure to inform the Claimant in advance of these substitutions. This admission is a pivotal piece of evidence for the Claimant’s argument regarding a breach of contract specifications, as it confirms that the materials used were not those originally agreed upon. While the tone is professional and attempts to be reassuring about the quality of the substitutes, the email lacks specific technical details or brand names of the replacement products. Furthermore, the exact date of this email is not visible, which remains a consistent gap in the documentation. This admission of non-disclosure strengthens the Claimant's position regarding the lack of transparency and coordination throughout the project.

  [PART B]
  {
    "other_party_info": {
      "name": "James Chen",
      "organization": "Zhi Yu Engineering Company",
      "contact_person": "James Chen"
    },
    "disputed_issues": [
      {
        "issue_id": "MAT_001",
        "title": "Unauthorized Material Substitutions",
        "details": "Respondent confirmed waterproofing products were replaced without prior notice",
        "priority": "high"
      }
    ],
    "alleged_breaches": [
      {
        "by": "Respondent",
        "against": "Mr. Chan",
        "description": "Failure to inform client in advance of material substitutions",
        "clause_violated": "Material specifications"
      }
    ],
    "evidence": [
      {
        "id": "Email Admission",
        "type": "correspondence",
        "description": "Email from James Chen admitting to material substitutions in waterproofing",
        "status": "submitted",
        "strength": "strong"
      }
    ],
    "legal_references": [
      {
        "type": "industry_standard",
        "reference": "Industry standards",
        "relevance": "Respondent claims substitutes meet these standards to justify the change"
      }
    ],
    "communications": [
      {
        "date": "Unknown",
        "action": "Email reply to Mr. Chan",
        "by": "James Chen",
        "to": "Chan Tai Man",
        "type": "email",
        "topic": "RE: Inquiry About Material Substitutions",
        "outcome": "Respondent admitted to substitutions and apologized for lack of prior notice"
      }
    ],
    "gaps_and_issues": [
      {
        "type": "gap",
        "description": "Email date is missing",
        "why_it_matters": "Necessary to determine how long after the substitution the admission was made"
      },
      {
        "type": "ambiguity",
        "description": "Respondent claims substitutes are 'durable' and meet 'standards' without providing specific product names",
        "why_it_matters": "Prevents verification of the quality and value of the substituted materials"
      }
    ],
    "emotional_cues": [
      {
        "cue": "Apologetic",
        "source": "James Chen",
        "implication": "Admission of procedural fault regarding client communication"
      }
    ]
  }

================================================================================
重建：发给 Agent B 的消息
================================================================================

[Agent B 消息 1 — 材料1，共 13809 字符]

以下是材料1《UC1_0_negotiation_intake_form (Party A).pdf》的分析结果，包含逐页摘要和结构化提取字段：

## Document Summary (6 pages)

[Page 1]
[Page 1 of 1 Summary]
This page is the initial section of an Intake Form for the eBRAM online negotiation platform, serving as the formal registration of a dispute. The document identifies the submitting party as Mr. Chan Tai Man, an individual homeowner, who is represented by Ms. Sarah Lau. The case is officially titled "Renovation Contract Dispute – Substandard Work, Delays & Extra Charges," indicating a multi-faceted conflict involving construction quality, project management timelines, and financial disagreements regarding additional costs. The document establishes the basic administrative framework for the negotiation, identifying the key stakeholders and the general nature of the dispute. The tone is formal and structured, typical of a legal intake process. While the primary contact details (email and phone) and specific organization names for the representative are currently blank in this raw text, the form clearly defines the roles of the parties involved. No specific amounts or dates are mentioned on this introductory page, as it focuses on party identification and case categorization.

[Page 2]
[Page 2 of 2 Summary]
This page provides the substantive background and chronology of the dispute within the Intake Form. The matter involves a renovation contract between the homeowner, Mr. Chan, and Zhi Yu Engineering Company, valued at HK$2,202,000. The dispute centers on three primary grievances: significant project delays, the unauthorized substitution of inferior materials, and the imposition of unapproved extra labor charges. According to the provided timeline, the contract was signed on 31 Oct 2024, with an original schedule spanning from 1 Nov 2024 to 15 Jan 2025. However, the project was not completed until 7 Feb 2025, representing a 23-day delay. Mr. Chan discovered the material substitutions during a site visit, which the contractor subsequently confirmed were unauthorized. As a result of these issues, Mr. Chan claims to have incurred additional accommodation and logistics costs. The document indicates that supporting evidence has been provided, including the contract, quotations, correspondence, and other reference documents. The tone is factual and assertive, outlining clear breaches of the original agreement.

[Page 3]
[Page 3 of 3 Summary]
This page details the specific points of contention in the dispute between Mr. Chan and the contractor, categorized into three primary issues and an additional valuation finding. Issue 1 focuses on material substitutions, where the contractor allegedly used thinner ceramic tiles instead of porcelain, lower-grade waterproofing, and chrome-plated plastic fixtures instead of stainless steel. Issue 2 addresses the 23-day delay beyond the agreed completion date, noting missed milestones in demolition, waterproofing, and tiling, which forced the homeowner to incur extra living and accommodation expenses. Issue 3 concerns financial discrepancies, specifically extra invoices exceeding HK$1,100,000 issued without prior consent or an initial itemized breakdown, which Mr. Chan claims contradicts the contract terms. Notably, the page mentions that an independent valuer has assessed a HK$220,000 depreciation in the property's value due to the substandard work. The tone is technical and accusatory, highlighting specific deviations from the agreed scope of work. The mention of an independent valuer adds an expert-led dimension to the claims.

[Page 4]
[Page 4 of 4 Summary]
This final page of the Intake Form outlines Mr. Chan’s negotiation objectives, priorities, and settlement boundaries. The dispute is categorized as a "High" priority. Mr. Chan’s desired outcome is comprehensive, seeking full reimbursement for all unapproved charges, specific compensation of HK$330,000 for additional accommodation and logistics expenses, and HK$220,000 for the diminution in property value. Furthermore, he demands either the physical rectification of material defects or equivalent monetary compensation, alongside a formal assurance that no further charges will be levied. His "Minimum Acceptable Outcome" (walk-away point) is more focused on cost recovery, including proven extra expenses, the property value reduction, and the removal of unapproved charges, with the overarching goal of reaching a settlement to avoid litigation. Mr. Chan indicates a "Moderate" level of flexibility, suggesting a willingness to negotiate on the total package provided his core financial losses and the property's value loss are addressed. The tone is firm and goal-oriented, clearly defining the financial stakes involved in the negotiation.

[Page 5]
[Page 5 of 5 Summary]
This page concludes the Intake Form by outlining Mr. Chan’s proposed solutions and identifying the opposing party. Mr. Chan offers several settlement alternatives to facilitate the negotiation, including the direct reimbursement of unapproved extra charges and a lump-sum settlement intended to cover both the project delays and the property depreciation. Notably, he expresses a willingness to accept cash compensation in lieu of physical rework if the latter is deemed impractical, suggesting a pragmatic approach to the material defects. He also seeks a formal agreement regarding future warranties or a specific timeline for defect rectification. The other party is identified as Zhi Yu Engineering Company, with Alex Chan and Project Manager James Chen named as the primary contact persons. The section regarding the other party's expected positions is left blank on this page, indicating that the submitting party has not yet formally speculated on the contractor's specific defense or counter-arguments within this document. The tone remains professional and solution-oriented, focusing on closing the dispute through financial or remedial agreements.

[Page 6]
[Page 6 of 6 Summary]
This final page of the Intake Form serves as a placeholder for additional notes and includes a visual evidence component. The primary content of this page is a large image box (referenced as "img_in_image_box_142_235_1045_747.jpg"), which likely contains photographic evidence of the substandard work or material substitutions mentioned in previous sections. No additional text-based facts, claims, or figures are provided in the "Additional Notes" field. The document concludes with the platform's website address, marking the end of the formal intake process. As the image content is not described in text, the specific nature of the visual evidence remains a gap in the narrative, though it is intended to support the homeowner's claims regarding material defects. The page maintains the structured format of the eBRAM platform.

---

## Structured Data

```json
{
  "submitting_party_info": {
    "name": "Mr. Chan Tai Man",
    "role": "Homeowner",
    "party_type": "Individual",
    "representative_name": "Ms. Sarah Lau"
  },
  "case_overview": {
    "title": "Renovation Contract Dispute – Substandard Work, Delays & Extra Charges",
    "nature_of_dispute": "Renovation Contract Dispute",
    "brief_description": "Substandard Work, Delays & Extra Charges"
  },
  "other_party_info": {
    "organization": "Zhi Yu Engineering Company"
  },
  "timeline_events": [
    {
      "date": "31 Oct 2024",
      "event": "Contract signed"
    },
    {
      "date": "1 Nov 2024",
      "event": "Original schedule start date"
    },
    {
      "date": "15 Jan 2025",
      "event": "Original schedule end date"
    },
    {
      "date": "7 Feb 2025",
      "event": "Actual completion (23 days late)"
    }
  ],
  "disputed_issues": [
    {
      "issue_id": "1",
      "title": "Project Delays",
      "details": "Completion was 23 days late compared to the original schedule."
    },
    {
      "issue_id": "2",
      "title": "Material Substitution",
      "details": "Contractor substituted inferior materials without consent."
    },
    {
      "issue_id": "3",
      "title": "Unauthorized Charges",
      "details": "Contractor imposed unapproved extra labor charges."
    },
    {
      "issue_id": "1",
      "title": "Material Substitutions",
      "details": "Installation of thinner ceramic tiles instead of porcelain; lower-grade waterproofing; chrome-plated plastic fixtures instead of stainless steel.",
      "priority": "High"
    },
    {
      "issue_id": "2",
      "title": "Project Delays",
      "details": "23-day delay; missed milestones for tiling, waterproofing, and demolition; caused extra living expenses.",
      "priority": "High"
    },
    {
      "issue_id": "3",
      "title": "Unauthorized Invoices",
      "details": "Extra invoices exceeding HK$1,100,000 without consent or itemized breakdown; not aligned with contract.",
      "priority": "High"
    }
  ],
  "alleged_breaches": [
    {
      "by": "Zhi Yu Engineering Company",
      "against": "Mr. Chan",
      "description": "Significant delays, unauthorized material substitution, and unapproved extra charges"
    }
  ],
  "amounts": [
    {
      "item": "Renovation contract",
      "amount": "HK$2,202,000",
      "currency": "HKD",
      "description": "Total contract value for flat renovation",
      "status": "contractual"
    },
    {
      "item": "Extra labor charges",
      "amount": "Not specified",
      "currency": "HKD",
      "description": "Unapproved charges imposed by contractor",
      "status": "disputed"
    },
    {
      "item": "Accommodation & logistics costs",
      "amount": "Not specified",
      "currency": "HKD",
      "description": "Additional costs incurred by Mr. Chan due to delays",
      "status": "claimed"
    },
    {
      "item": "Extra invoices",
      "amount": "HK$1,100,000+",
      "currency": "HKD",
      "description": "Unapproved invoices without itemized breakdown",
      "status": "disputed"
    },
    {
      "item": "Property depreciation",
      "amount": "HK$220,000",
      "currency": "HKD",
      "description": "Depreciation due to substandard work as found by independent valuer",
      "status": "assessed_by_third_party"
    },
    {
      "item": "Accommodation/logistics compensation",
      "amount": "HK$330,000",
      "currency": "HKD",
      "description": "Claimed compensation for additional expenses due to delays",
      "status": "claimed"
    },
    {
      "item": "Diminution in value compensation",
      "amount": "HK$220,000",
      "currency": "HKD",
      "description": "Claimed compensation for property value reduction",
      "status": "claimed"
    }
  ],
  "evidence": [
    {
      "type": "contract",
      "description": "Contract / Draft Agreement",
      "status": "submitted"
    },
    {
      "type": "quotation",
      "description": "Proposals / Quotations",
      "status": "submitted"
    },
    {
      "type": "correspondence",
      "description": "Correspondence",
      "status": "submitted"
    },
    {
      "type": "other",
      "description": "Evidence or Reference Documents",
      "status": "submitted"
    },
    {
      "id": "img_in_image_box_142_235_1045_747.jpg",
      "type": "photo",
      "description": "Visual evidence included in the Additional Notes section",
      "status": "submitted"
    }
  ],
  "contractual_vs_actual": [
    {
      "item": "Floor Tiles",
      "specified": "Porcelain",
      "actual": "Thinner ceramic tiles",
      "discrepancy": "Material type and thickness substitution"
    },
    {
      "item": "Fixtures",
      "specified": "Stainless steel",
      "actual": "Chrome-plated plastic",
      "discrepancy": "Material quality substitution"
    },
    {
      "item": "Waterproofing",
      "specified": "Contracted grade",
      "actual": "Lower-grade material",
      "discrepancy": "Quality substitution"
    }
  ],
  "third_parties": [
    {
      "name": "Independent valuer",
      "role": "Valuation expert",
      "findings": "HK$220,000 depreciation due to substandard work"
    }
  ],
  "gaps_and_issues": [
    {
      "type": "missing_evidence",
      "description": "No itemized breakdown provided initially for extra invoices",
      "why_it_matters": "Prevents verification of the validity of the HK$1,100,000+ charges"
    },
    {
      "type": "gap",
      "description": "Content of the image evidence is not described in text",
      "why_it_matters": "The specific defects or substitutions being visually proven are not explicitly detailed on this page."
    }
  ],
  "submitting_party_objectives": {
    "desired_outcome": [
      "Full reimbursement for unapproved charges",
      "Compensation for additional accommodation/logistics (HK$330,000)",
      "Compensation for diminution in value (HK$220,000)",
      "Rectification or monetary compensation for material defects",
      "Assurance of no further charges"
    ],
    "minimum_acceptable_outcome": [
      "Partial compensation covering proven extra expenses",
      "Property value reduction compensation",
      "Removal of unapproved charges",
      "Mutually agreed settlement without litigation"
    ],
    "flexibility_level": "Moderate",
    "priorities_ranking": "High"
  },
  "proposed_solutions": [
    {
      "solution": "Contractor reimburses unapproved extra charges"
    },
    {
      "solution": "Contractor provides cash compensation instead of rework",
      "conditions": "If rework is impractical"
    },
    {
      "solution": "Lump-sum settlement covering delays + depreciation"
    },
    {
      "solution": "Agreement on future warranty or defect rectification timeline"
    }
  ],
  "contract_terms": [
    {
      "clause": "Warranty",
      "category": "warranty",
      "description": "Agreement on future warranty or defect rectification timeline"
    }
  ]
}
```


[Agent B 消息 2 — 材料2，共 59173 字符]

以下是材料2《UC1_1_exihibit_submission (Party A).pdf》的分析结果，包含逐页摘要和结构化提取字段：

## Document Summary (22 pages)

[Page 1]
[Page 1 of 1 Summary]
This document is Exhibit A of a case submission to the eBRAM International Online Dispute Resolution Centre, dated 14 March 2025. It serves as the formal introduction and summary of the original signed renovation contract between the Claimant, Mr. Chan Tai Man (represented by Ms. Sarah Tan of Wong & Chan Solicitors), and the Respondent, Zhi Yu Engineering Company. The contract, signed on 31 October 2024, establishes the legal basis for the dispute and covers the interior renovation of a 4,700 sq. ft. flat located at Block 88B, Yee King Court, Tai Po Plaza.

The page outlines critical contractual terms, including a total project value of HK$2,202,000 and a 75-day timeline spanning from 1 November 2024 to 15 January 2025. The scope involves demolition, masonry, waterproofing, and plumbing using premium-grade materials such as quartz stone and stainless steel. Payment was structured in three installments: HK$660,600 (30%) at signing, HK$880,800 (40%) at the midway point, and HK$660,600 (30%) upon completion. The document emphasizes that any material substitutions required prior written approval and that the project must comply with Hong Kong Building Department standards. The tone is formal and legalistic, clearly framing the contract as the foundational evidence for the upcoming arbitration under eBRAM APEC Rules.

[Page 2]
[Page 2 of 2 Summary]
This page serves as the formal cover sheet or title page for the "Zhi Yu Engineering Company Renovation Contract." It explicitly identifies the document as a contract for interior design and renovation materials. The subject property is specified as Block 88B, Yee King Court, Tai Po Plaza. The document is dated 31st October 2024, which aligns with the signing date mentioned in previous submissions. This page establishes the formal identity of the agreement between the parties and confirms the specific location of the renovation project. No specific figures, claims, or emotional cues are present on this page, as it functions primarily as a header for the legal agreement. The information is presented in a standard, professional format typical of construction and design service contracts.

[Page 3]
[Page 3 of 3 Summary]
This page details the contractor's corporate information and the initial sections of the project's scope of work. The contractor is identified as Zhi Yu Engineering Company, located in Kwai Chung, with Alex Chan serving as the primary contact person. The document confirms the project location at Block 88B, Yee King Court, Tai Po Plaza, and specifies a significant usable area of 4,700 sq. ft.

The technical breakdown is divided into two main categories: Preliminary Works and Demolition Works. Preliminary items include the provision of third-party insurance with a coverage limit of HK$10,000,000, site protection, and scaffolding, totaling HK$10,000. The Demolition Works section is extensive, covering the removal of the main door, internal room doors, kitchen and bathroom tiles, and living room flooring, with a sub-total cost of HK$528,000. The tone is strictly administrative and technical, providing a granular look at the early phases of the project. No disputes or emotional cues are evident on this page; however, it provides the specific cost benchmarks for the demolition phase which may be relevant if the progress of these works is later contested.

[Page 4]
[Page 4 of 4 Summary]
This page continues the detailed breakdown of the renovation contract's scope of work, specifically covering Masonry, Waterproofing, Doors, and Plumbing sections. The Masonry Works represent the largest financial component on this page, totaling HK$895,000, which includes plastering, tiling, shower base foundation, and the installation of wood-pattern tiles and quartz stone surfaces. The Waterproofing Works, valued at HK$315,000, specify precise technical requirements, such as applying waterproofing up to 1800mm in the shower area and 1200mm for the kitchen sink area.

The Doors section, totaling HK$228,000, covers the installation of the main door, two bedroom doors, kitchen and bathroom doors, and a shower screen. Finally, the Plumbing section, totaling HK$226,000, details the cold and hot water supply connections for various appliances and fixtures in both the kitchen and bathroom. The document maintains a highly technical and itemized tone, providing specific measurements and quantities. These detailed specifications are critical for the case as they establish the exact standards against which the actual work quality and completion will likely be measured. No emotional cues or gaps are noted on this page, as it serves as a continuation of the technical price schedule.

[Page 5]
[Page 5 of 5 Summary]
This final page of the renovation contract establishes the project's temporal and financial framework, as well as the governing dispute resolution mechanism. The project was scheduled for a 75-day duration, starting on 1 November 2024 and concluding on 15 January 2025. The total contract amount is confirmed as HK$2,202,000, structured into three payments: an initial deposit of HK$660,600 (30%), a midway payment of HK$880,800 (40%), and a final payment of HK$660,600 (30%) contingent upon completion and final inspection.

Crucially, the document includes a dispute resolution clause specifying that any claims must be settled in accordance with the eBRAM APEC Rules. The page contains the signature of the client, Mr. Chan Tai Man, dated 31 October 2024. While the contractor representative's name (Alex Chan) and a handwritten mark "Xian" are present, the formal signature line and date for the contractor appear to be blank or incomplete in the provided text, which could be a point of contention regarding formal execution. The tone is conclusive and binding, providing the necessary legal formalities to close the agreement.

[Page 6]
[Page 6 of 6 Summary]
This document, titled Exhibit B and dated 14 March 2025, presents photographic evidence and a comparison of substandard materials allegedly used by the Respondent, Zhi Yu Engineering Company. The exhibit serves to document specific breaches of contract regarding material specifications. The Claimant argues that the Respondent substituted high-quality, specified materials with inferior alternatives, affecting the project's durability, safety, and aesthetic value.

Key discrepancies are highlighted across three categories: floor tiles, waterproofing, and fixtures. Specifically, the contract required 10mm Brand A porcelain tiles, but 6mm Brand X ceramic tiles were installed. For waterproofing, a 3-layer Brand B membrane was specified, yet a generic roll-on sealant was used, which already shows early signs of failure. Furthermore, stainless steel fixtures from Brand C were replaced with chrome-plated plastic alternatives prone to corrosion. The tone of the document is accusatory and evidentiary, utilizing technical comparisons to support the claim of a contractual breach. The exhibit includes an annotated photo set, a comparison chart, and expert notes to substantiate these findings. No specific monetary values for the damages are listed on this page, but the qualitative downgrade is clearly defined.

[Page 7]
[Page 7 of 7 Summary]
This page continues Exhibit B, providing further visual documentation and expert analysis regarding the alleged use of substandard materials by the Respondent. The evidence focuses on two primary areas: waterproofing quality and additional material discrepancies such as wall paint and fixtures. The photographic evidence is used to demonstrate that the installed waterproofing lacks the required thickness and brand-specific quality specified in the contract, leading to concerns over durability. Furthermore, the exhibit highlights visible flaws in the wall paint and fixtures, which do not conform to the agreed-upon contractual standards.

A significant addition on this page is the inclusion of an "Expert Note" from an independent building materials consultant. The consultant confirms that the installed materials—specifically the thinner ceramic tiles, non-branded waterproofing, and chrome-plated plastic fixtures—fail to meet the durability and safety standards expected for residential renovations. The expert warns that these substitutions significantly compromise the longevity of the work and increase the risk of water damage and corrosion in humid areas like kitchens and bathrooms. The tone is technical and authoritative, aimed at reinforcing the Claimant's argument that the Respondent's deviations from the contract constitute a serious risk to the property's integrity.

[Page 8]
[Page 8 of 8 Summary]
This document, titled Exhibit C and dated 14 March 2025, is a formal submission by Mr. Chan Tai Man and his legal representative, Ms. Sarah Tan, to the eBRAM Centre. Its primary purpose is to document the Respondent's failure to adhere to the project schedule. The exhibit provides a comparative analysis between the original contractual milestones and the actual completion dates, supported by email correspondence where the Respondent reportedly acknowledged the delays.

The data reveals a progressive slippage in the project timeline. While the demolition phase was delayed by 8 days (completed 18 Nov 2024), both the tiling and waterproofing phases suffered 15-day delays. The most significant discrepancy is found in the Final Handover, which occurred on 7 February 2025 instead of the scheduled 15 January 2025, resulting in a total delay of 23 days. The Claimant argues that these disruptions forced him to seek alternative living arrangements and caused additional financial burdens. The tone is firm and evidentiary, focusing on establishing a clear link between the Respondent's missed deadlines and the Claimant's resulting damages. The mention of email acknowledgments from the Respondent suggests a strong evidentiary basis for the claim of delay.

[Page 9]
[Page 9 of 9 Summary]
This page serves as a concluding attachment to Exhibit C, reinforcing the Claimant's argument regarding the significant project delays. It emphasizes that the Respondent’s failure to meet agreed-upon milestones directly forced Mr. Chan Tai Man into alternative living arrangements, thereby substantiating his request for financial compensation. The narrative highlights that the delays were not isolated incidents but cumulative, leading to an extended project duration that prevented the Claimant from occupying his property at Block 88B, Yee King Court, as originally planned.

The page features a visual representation of the "Original timeline" in chart form, which is intended to be compared against the actual progress achieved. By marking each missed milestone and the specific duration of each delay, the exhibit aims to provide the Arbitrator with a clear, visual demonstration of the Respondent's breach of the 75-day contractual timeline. The tone remains objective yet firm, focusing on the "consequential impact" on the Claimant's life and finances. No new specific dates or amounts are introduced on this page, but it serves to validate the data presented on the previous page by providing the visual evidence of the scheduling discrepancies.

[Page 10]
[Page 10 of 10 Summary]
This page presents a critical piece of correspondence: an email from Zhi Yu Engineering Company to the Claimant, Mr. Chan Tai Man, regarding project delays. Sent by James Chen, the Project Manager, the email formally notifies the client of a delay in the delivery of custom fixtures required for the interior work phase. The Respondent attributes this setback to production issues encountered by their third-party supplier, which resulted in a delivery backlog.

The email provides an estimated delay of two weeks and serves as a direct admission of the schedule slippage by the contractor. The tone of the communication is apologetic and professional, requesting the client's patience while the company attempts to resolve the matter with the supplier. This document is significant as it provides evidence of the Respondent's acknowledgment of the delay, which aligns with the claims made in Exhibit C. However, it notably shifts the responsibility for the delay onto an external supplier rather than the contractor's own internal operations. There is no specific date visible on the email header in this raw text, which is a gap that would be necessary to pin the exact timing of this communication within the overall project timeline.

[Page 11]
[Page 11 of 11 Summary]
This page contains a second formal email communication from James Chen, Project Manager at Zhi Yu Engineering Company, addressed to Mr. Chan Tai Man. The purpose of this correspondence is to notify the Claimant of a further delay, specifically regarding the waterproofing installation phase. The Respondent cites adverse weather conditions—specifically heavy rain—as the primary cause for the disruption, claiming that the moisture prevented the maintenance of dry conditions necessary for proper material application.

As a result of these environmental factors, the contractor estimated an additional extension of approximately ten days to the project timeline. Like the previous email, the tone is professional and apologetic, with the contractor promising to monitor conditions and provide further updates. This document serves as further evidence of the Respondent's acknowledgment of project slippage, though it attributes this specific delay to "force majeure" type circumstances (weather) rather than supplier issues. Notably, the specific date of this email is again missing from the text, which constitutes a gap in the chronological record of the dispute. This ten-day delay, combined with the previously mentioned two-week delay, contributes to the cumulative 23-day delay claimed in Exhibit C.

[Page 12]
[Page 12 of 12 Summary]
This page appears to be a duplicate or a mislabeled version of the correspondence found on Page 11. Despite the bold header titled "Delay in Delivery of Custom Fixtures for Interior Work" (which matches the subject of Page 10), the actual body text of the email discusses a delay in "waterproofing installation" due to "heavy rain" and "weather conditions." 

The content explicitly mentions an extension of approximately ten days to the installation timeline because the contractor could not maintain the dry conditions required for proper application. The email is signed by James Chen, Project Manager of Zhi Yu Engineering Company. The discrepancy between the header (Fixtures) and the body (Waterproofing) suggests a clerical error in the Respondent's communication or the document assembly. Like the previous pages, the specific date of the email is not visible, which remains a significant information gap. This page reinforces the Respondent's pattern of attributing project delays to external factors, though the internal inconsistency of the document itself may be worth noting for the negotiation.

[Page 13]
[Page 13 of 13 Summary]
This page contains a third distinct email notification from James Chen, Project Manager at Zhi Yu Engineering Company, addressed to Mr. Chan Tai Man. This correspondence focuses on a delay specifically affecting the tiling and flooring installation phase. The Respondent cites "unexpected shipment issues" encountered by their supplier, which resulted in a shortage of the tiles specified in the contract.

The email estimates a setback of approximately two weeks (14 days). Similar to previous communications, the tone is apologetic and seeks the client's understanding while claiming that the company is working to expedite delivery and prevent further delays. This document is significant as it provides a specific explanation for the tiling delay noted in Exhibit C (which recorded a 15-day actual delay for tiling). By attributing the issue to supplier shipment problems, the Respondent again attempts to shift the primary cause of the delay to a third party. As with the previous emails, the exact date of the communication is not visible in the text, leaving a gap in the chronological record of when the client was first notified of this specific issue.

[Page 14]
[Page 14 of 14 Summary]
This document, titled Exhibit D and dated 14 March 2025, serves as a formal introduction to the communication records between the Claimant, Mr. Chan Tai Man, and the Respondent, Zhi Yu Engineering Company. The exhibit is designed to demonstrate Mr. Chan’s proactive efforts to resolve emerging project issues and to highlight the Respondent's perceived lack of adequate cooperation.

The narrative outlines three primary areas of concern raised by Mr. Chan: repeated requests for updated timelines following delays, formal objections to the unauthorized substitution of materials (as documented in Exhibit B), and inquiries regarding unexpected charges that were not part of the original HK$2,202,000 contract. The document notes that the Respondent’s responses were often delayed or insufficient, which the Claimant argues led to a breakdown in trust and project coordination. The tone is professional but critical of the Respondent's communication style. While this page serves as a cover sheet and summary of the attached email threads and WhatsApp screenshots, it does not list the specific dates or content of those individual messages, which are presumably contained in the subsequent attachments.

[Page 15]
[Page 15 of 15 Summary]
This page is an attachment to Exhibit D, featuring a specific email sent by the Claimant, Mr. Chan Tai Man, to the Respondent's Project Manager, James Chen, on 15 February 2025. The email, titled "Inquiry About Material Substitutions," documents the exact moment the Claimant formally raised concerns regarding the quality of work following a site visit. 

In the correspondence, Mr. Chan notes that the materials being used for tiling and waterproofing do not appear to match the specifications outlined in the original contract. He explicitly requests confirmation of any substitutions and asks for detailed information regarding these changes. The tone of the email is polite, professional, and inquiry-based, rather than overtly confrontational, reflecting Mr. Chan's proactive attempt to seek clarification before the dispute escalated. This communication is a key piece of evidence as it establishes a timeline for when the Respondent was put on notice regarding the material discrepancies later detailed in Exhibit B. It also highlights the Claimant's diligence in monitoring the project. No response from James Chen is included on this specific page.

[Page 16]
[Page 16 of 16 Summary]
This page presents an email response from James Chen, Project Manager at Zhi Yu Engineering Company, to Mr. Chan Tai Man regarding project delays. This correspondence appears to be a reply to an inquiry from the Claimant, specifically addressing the tiling and flooring phase of the renovation. In the email, the Respondent formally admits to a schedule slippage, attributing the cause to "shipment issues" with their external supplier which resulted in a shortage of materials.

The Respondent estimates the duration of this specific delay to be approximately two weeks. The tone of the communication is professional and apologetic, with James Chen offering an assurance that the company is working to resolve the issue and will provide further updates. This document serves as a key piece of evidence for the Claimant to establish that the Respondent was aware of and acknowledged the delays in writing. While the body of the email provides clear facts regarding the cause and duration of the delay, the specific date of this email is not visible in the provided text, which is a notable gap for establishing the exact sequence of events in the case timeline.

[Page 17]
[Page 17 of 17 Summary]
This page contains an email from the Claimant, Mr. Chan Tai Man, addressed to James Chen, the Project Manager of Zhi Yu Engineering Company. The email, titled "Inquiry About Project Delays," serves as a formal request for a status update regarding the tiling and flooring installation phase. Mr. Chan points out that, according to the original project schedule, this specific phase should have already been completed.

The tone of the communication is polite, professional, and constructive. Mr. Chan explicitly asks for a confirmed completion date and requests further information regarding the causes of the delay. This document is significant as it demonstrates the Claimant’s proactive management of the project and his reliance on the "original schedule" as a benchmark for performance. It establishes that the Claimant was monitoring milestones closely and sought clarification as soon as a discrepancy became apparent. However, like several previous pages, the specific date of this email is not visible in the text, which is a key piece of missing information needed to determine exactly when the Claimant first flagged the tiling delay relative to the contractual deadline of 25 November 2024.

[Page 18]
[Page 18 of 18 Summary]
This page provides a transcript of a mobile messaging exchange (likely WhatsApp) between Mr. Chan and the Project Manager, James Chen, dated around 20 February 2025. The conversation covers two critical points of dispute: the ongoing tiling delay and a new conflict regarding "specialized labor" charges.

In the first part of the exchange, James confirms they are still waiting for tiles from the supplier, promising arrival "next week." The second part, dated 20 February 2025, captures a direct confrontation regarding a recent invoice. Mr. Chan questions additional charges for "specialized labor" that were not previously discussed. James justifies these costs as "extra work" necessitated by weather-related waterproofing delays. Mr. Chan firmly pushes back, noting that these charges were not part of the original agreement and demands an itemized breakdown. 

The tone of the messages is informal but increasingly tense. Mr. Chan’s communication style is direct and assertive regarding financial transparency, while James appears reactive, attempting to justify cost overruns as a consequence of the weather delays previously mentioned in Exhibit C. This page is vital as it documents the emergence of a financial dispute over "extra work" and highlights a potential breach of the fixed-price nature of the original HK$2,202,000 contract.

[Page 19]
[Page 19 of 19 Summary]
This page contains an email response from James Chen, Project Manager at Zhi Yu Engineering Company, addressed to a "Mr. Lee." This appears to be a formal reply to a request for project updates and clarification on financial discrepancies. In the email, the Respondent acknowledges the concerns raised regarding both the project timeline and the additional charges previously discussed in the messaging records.

James Chen states that he is in the process of compiling two key documents: an updated project schedule and a detailed breakdown of the extra costs incurred. He commits to providing these details by the end of the week. The tone of the communication is professional and conciliatory, aimed at addressing the client's growing concerns. However, there is a notable naming discrepancy on this page, as the recipient is addressed as "Mr. Lee" instead of "Mr. Chan," which may suggest a clerical error by the Respondent or that Mr. Lee is a representative/associate of the Claimant. Additionally, the specific date of this email is not visible, and there is no confirmation on this page whether the promised breakdown or updated schedule was actually delivered. This represents a continuing gap in the Respondent's fulfillment of information requests.

[Page 20]
[Page 20 of 20 Summary]
This page contains a formal email from the Claimant, Mr. Chan Tai Man, addressed to James Chen of Zhi Yu Engineering Company. The email, titled "Formal Request for Project Updates," serves as a comprehensive demand for transparency following a series of project disruptions. Mr. Chan explicitly requests a status update on all current project phases and a definitive anticipated timeline for the remaining work, citing the "multiple delays" encountered to date.

Beyond the schedule, the Claimant also demands formal documentation for two other major points of contention: the unauthorized material substitutions and the additional charges applied to the project. The tone of the correspondence is firm, structured, and professional, signaling a shift from informal inquiries to a more formal documentation of the dispute. This letter is a critical piece of evidence as it consolidates the Claimant's grievances—delays, materials, and costs—into a single formal request for cooperation. However, the specific date of this email is not visible in the provided text, which remains a consistent gap in the case file's chronological record. This document establishes the Claimant's attempt to resolve the issues through formal communication before escalating to legal or mediation proceedings.

[Page 21]
[Page 21 of 21 Summary]
This page presents a mobile messaging transcript (WhatsApp) that provides critical chronological context for the tiling and billing disputes. The exchange is divided into two dates: 10 February 2025 and 20 February 2025. 

On 10 February, Mr. Chan follows up on the tiling progress, noting a week of silence. James Chen responds by blaming the supplier for the tile delay, promising arrival "next week." This confirms that the tiling delay was already a significant issue by early February. The second exchange on 20 February 2025 documents Mr. Chan’s immediate reaction to a new invoice containing "specialized labor" charges. James Chen justifies these costs as necessary "extra work" for waterproofing due to weather conditions. Mr. Chan immediately challenges this, requesting an itemized breakdown and noting the lack of prior discussion or agreement. 

The tone is urgent from the Claimant's side and reactive from the Respondent's side. This page is essential as it provides the specific date (10 Feb) for the tiling follow-up and reinforces the 20 Feb date for the financial dispute, establishing a clear timeline of the Claimant's repeated attempts to seek transparency and the Respondent's consistent attribution of issues to external factors (suppliers and weather).

[Page 22]
[Page 22 of 22 Summary]
This page contains a critical email response from James Chen, Project Manager at Zhi Yu Engineering Company, addressed to Mr. Chan. In this correspondence, the Respondent formally admits to the unauthorized substitution of materials, specifically regarding the waterproofing products. James Chen justifies these changes by citing "supply issues" and asserts that the substituted materials meet industry standards and were chosen for their durability. 

Significantly, the Respondent offers a direct apology for the failure to inform the Claimant in advance of these substitutions. This admission is a pivotal piece of evidence for the Claimant’s argument regarding a breach of contract specifications, as it confirms that the materials used were not those originally agreed upon. While the tone is professional and attempts to be reassuring about the quality of the substitutes, the email lacks specific technical details or brand names of the replacement products. Furthermore, the exact date of this email is not visible, which remains a consistent gap in the documentation. This admission of non-disclosure strengthens the Claimant's position regarding the lack of transparency and coordination throughout the project.

---

## Structured Data

```json
{
  "submitting_party_info": {
    "name": "Mr. Chan Tai Man",
    "role": "Claimant",
    "representative_name": "Ms. Sarah Tan",
    "representative_org": "Wong & Chan Solicitors"
  },
  "other_party_info": {
    "name": "Zhi Yu Engineering Company"
  },
  "case_overview": {
    "title": "Exhibit A – Submission of Signed Contract",
    "nature_of_dispute": "Renovation contract dispute",
    "brief_description": "Interior renovation of 4,700 sq. ft. flat at Block 88B, Yee King Court, Tai Po Plaza",
    "dispute_resolution_mechanism": "eBRAM APEC Rules"
  },
  "timeline_events": [
    {
      "date": "31 October 2024",
      "event": "Original renovation contract signed"
    },
    {
      "date": "1 Nov 2024 – 15 Jan 2025",
      "event": "Contracted project timeline (75 days)"
    },
    {
      "date": "14 March 2025",
      "event": "Submission of Exhibit A to eBRAM"
    },
    {
      "date": "31st October 2024",
      "event": "Contract Date"
    },
    {
      "date": "31st October 2024",
      "event": "Contract signed by Client"
    },
    {
      "date": "November 1, 2024",
      "event": "Project Start Date"
    },
    {
      "date": "January 15, 2025",
      "event": "Project Completion Date"
    },
    {
      "date": "14 March 2025",
      "event": "Submission of Exhibit B documenting material discrepancies"
    },
    {
      "date": "10 Nov 2024",
      "event": "Scheduled completion of Demolition"
    },
    {
      "date": "18 Nov 2024",
      "event": "Actual completion of Demolition"
    },
    {
      "date": "25 Nov 2024",
      "event": "Scheduled completion of Tiling"
    },
    {
      "date": "10 Dec 2024",
      "event": "Actual completion of Tiling"
    },
    {
      "date": "5 Dec 2024",
      "event": "Scheduled completion of Waterproofing"
    },
    {
      "date": "20 Dec 2024",
      "event": "Actual completion of Waterproofing"
    },
    {
      "date": "15 Jan 2025",
      "event": "Scheduled Final Handover"
    },
    {
      "date": "7 Feb 2025",
      "event": "Actual Final Handover"
    },
    {
      "date": "Unknown",
      "event": "Zhi Yu Engineering Company sends email notification of a two-week delay"
    },
    {
      "date": "Unknown",
      "event": "Zhi Yu Engineering Company sends email notification of a ten-day waterproofing delay"
    },
    {
      "date": "Unknown",
      "event": "Zhi Yu Engineering Company sends email notification of a two-week tiling and flooring delay"
    },
    {
      "date": "14 March 2025",
      "event": "Submission of Exhibit D documenting communication history"
    },
    {
      "date": "15th February 2025",
      "event": "Mr. Chan sends formal inquiry regarding material substitutions after site visit"
    },
    {
      "date": "Unknown",
      "event": "James Chen sends email acknowledging a two-week delay in tiling and flooring"
    },
    {
      "date": "20th February 2025",
      "event": "Dispute arises over 'specialized labor' charges on the latest invoice"
    },
    {
      "date": "10th February 2025",
      "event": "Mr. Chan follows up on tiling delay; James cites ongoing supplier issues"
    },
    {
      "date": "20th February 2025",
      "event": "Mr. Chan disputes 'specialized labor' charges on the latest invoice"
    }
  ],
  "contract_terms": [
    {
      "clause": "1",
      "category": "scope_of_work",
      "description": "Interior renovation of 4,700 sq. ft. flat including demolition, masonry, waterproofing, plumbing, and door installation"
    },
    {
      "clause": "2",
      "category": "timeline",
      "description": "1 Nov 2024 – 15 Jan 2025 (75 days)"
    },
    {
      "clause": "3",
      "category": "material_specification",
      "description": "Premium-grade tiles, waterproofing membranes, quartz stone finishes, and stainless steel fixtures; written approval required for substitutions"
    },
    {
      "clause": "4",
      "category": "payment",
      "description": "30% upon signing, 40% midway, 30% upon completion"
    },
    {
      "clause": "6",
      "category": "other",
      "description": "Compliance with Hong Kong Building Department standards"
    },
    {
      "clause": "7",
      "category": "dispute_resolution",
      "description": "eBRAM APEC Rules"
    },
    {
      "clause": "Delay Penalties",
      "category": "penalty",
      "description": "Contract outlines penalties for delays"
    },
    {
      "clause": "1.a",
      "category": "insurance",
      "description": "Third-Party Insurance coverage up to HK$10 million"
    },
    {
      "clause": "1.c",
      "category": "scope_of_work",
      "description": "Water Pipe Scaffold Setup"
    },
    {
      "clause": "2",
      "category": "scope_of_work",
      "description": "Demolition of doors, kitchen/bathroom tiles, living room/bedroom floor tiles, and cabinets"
    },
    {
      "clause": "3",
      "category": "scope_of_work",
      "description": "Masonry works including plastering, tiling, floor raising, and quartz stone surfaces"
    },
    {
      "clause": "4",
      "category": "material_specification",
      "description": "Waterproofing: Kitchen (1200mm sink/300mm other), Bathroom (1800mm shower/1500mm other)"
    },
    {
      "clause": "5",
      "category": "scope_of_work",
      "description": "Installation of main door, 2 bedroom doors, kitchen/bathroom doors, and shower screen"
    },
    {
      "clause": "6",
      "category": "scope_of_work",
      "description": "Plumbing for kitchen (sink, washing machine, dishwasher) and bathroom (heater, shower, sink)"
    },
    {
      "clause": "Project Timeline",
      "category": "timeline",
      "description": "75 days duration from Nov 1, 2024 to Jan 15, 2025"
    },
    {
      "clause": "Payment Schedule 1",
      "category": "payment",
      "description": "30% Initial Deposit upon contract signing"
    },
    {
      "clause": "Payment Schedule 2",
      "category": "payment",
      "description": "40% Midway Payment upon completion of half of the works"
    },
    {
      "clause": "Payment Schedule 3",
      "category": "payment",
      "description": "30% Final Payment upon project completion and final inspection"
    },
    {
      "clause": "Dispute Resolution",
      "category": "dispute_resolution",
      "description": "Settled in accordance with the APEC Rules of eBRAM"
    }
  ],
  "amounts": [
    {
      "item": "Total Contract Amount",
      "amount": "2,202,000",
      "currency": "HK$",
      "description": "Total value of the renovation project",
      "status": "contractual"
    },
    {
      "item": "First Installment (30%)",
      "amount": "660,600",
      "currency": "HK$",
      "description": "Payment due upon signing",
      "status": "contractual"
    },
    {
      "item": "Second Installment (40%)",
      "amount": "880,800",
      "currency": "HK$",
      "description": "Midway payment",
      "status": "contractual"
    },
    {
      "item": "Final Installment (30%)",
      "amount": "660,600",
      "currency": "HK$",
      "description": "Payment due upon completion",
      "status": "contractual"
    },
    {
      "item": "Preliminary Works Sub-total",
      "amount": "10,000",
      "currency": "HKD",
      "description": "Cost for insurance, protection, and scaffolding",
      "status": "contractual"
    },
    {
      "item": "Demolition Works Sub-total",
      "amount": "528,000",
      "currency": "HKD",
      "description": "Cost for removal of doors, tiles, and cabinets",
      "status": "contractual"
    },
    {
      "item": "Masonry Works Sub-total",
      "amount": "895,000",
      "currency": "HKD",
      "description": "Plastering, tiling, and quartz stone works",
      "status": "contractual"
    },
    {
      "item": "Waterproofing Works Sub-total",
      "amount": "315,000",
      "currency": "HKD",
      "description": "Kitchen and bathroom waterproofing application",
      "status": "contractual"
    },
    {
      "item": "Doors Sub-total",
      "amount": "228,000",
      "currency": "HKD",
      "description": "Installation of 5 door sets and 1 shower screen",
      "status": "contractual"
    },
    {
      "item": "Plumbing Total Cost",
      "amount": "226,000",
      "currency": "HKD",
      "description": "Water supply connections for kitchen and bathroom",
      "status": "contractual"
    },
    {
      "item": "Total Contract Amount",
      "amount": "2,202,000",
      "currency": "HK$",
      "status": "contractual"
    },
    {
      "item": "Initial Deposit",
      "amount": "660,600",
      "currency": "HK$",
      "status": "contractual"
    },
    {
      "item": "Midway Payment",
      "amount": "880,800",
      "currency": "HK$",
      "status": "contractual"
    },
    {
      "item": "Final Payment",
      "amount": "660,600",
      "currency": "HK$",
      "status": "contractual"
    },
    {
      "item": "Specialized labor",
      "amount": "Unknown",
      "currency": "HKD",
      "description": "Extra labor for waterproofing due to weather delays",
      "status": "disputed"
    },
    {
      "item": "Specialized labor",
      "amount": "Unknown",
      "currency": "HKD",
      "description": "Extra labor for waterproofing due to weather delays",
      "status": "disputed"
    }
  ],
  "evidence": [
    {
      "id": "Exhibit A",
      "type": "contract",
      "description": "Original signed contract dated 31 October 2024",
      "status": "submitted",
      "strength": "strong"
    },
    {
      "type": "contract",
      "description": "Zhi Yu Engineering Company Renovation Contract cover page",
      "status": "submitted"
    },
    {
      "id": "Exhibit B",
      "type": "photo",
      "description": "Annotated photo set documenting tiling, waterproofing, and fixtures",
      "status": "submitted",
      "strength": "moderate"
    },
    {
      "id": "Comparison Chart",
      "type": "other",
      "description": "Chart comparing specified vs installed materials",
      "status": "submitted"
    },
    {
      "id": "Expert Notes",
      "type": "expert_report",
      "description": "Notes highlighting differences in texture, thickness, and finish",
      "status": "submitted",
      "strength": "expert_opinion"
    },
    {
      "id": "Waterproofing Photos",
      "type": "photo",
      "description": "Photos showcasing discrepancies in thickness and brand of waterproofing",
      "status": "submitted",
      "strength": "moderate"
    },
    {
      "id": "Material Flaw Photos",
      "type": "photo",
      "description": "Photos of wall paint and fixtures underlining visible flaws",
      "status": "submitted",
      "strength": "moderate"
    },
    {
      "id": "Consultant Review",
      "type": "expert_report",
      "description": "Independent building materials consultant's confirmation of substandard materials",
      "status": "submitted",
      "strength": "expert_opinion"
    },
    {
      "id": "Exhibit C Timeline",
      "type": "other",
      "description": "Visual charts juxtaposing original schedule vs actual progress",
      "status": "submitted",
      "strength": "strong"
    },
    {
      "id": "Respondent Emails",
      "type": "correspondence",
      "description": "Emails from Respondent acknowledging project delays",
      "status": "mentioned_not_submitted",
      "strength": "strong"
    },
    {
      "id": "Original Timeline Chart",
      "type": "other",
      "description": "Detailed chart comparing original project schedule with actual progress",
      "status": "submitted",
      "strength": "strong"
    },
    {
      "id": "Exhibit D",
      "type": "correspondence",
      "description": "Email and message exchanges between Mr. Chan and the Respondent",
      "status": "submitted",
      "strength": "moderate"
    },
    {
      "id": "WhatsApp Screenshots",
      "type": "chat_record",
      "description": "Screenshots of WhatsApp threads regarding project issues",
      "status": "submitted",
      "strength": "moderate"
    },
    {
      "id": "Email 15 Feb 2025",
      "type": "correspondence",
      "description": "Email from Mr. Chan inquiring about tiling and waterproofing substitutions",
      "status": "submitted",
      "strength": "strong"
    },
    {
      "id": "Delay Inquiry Email",
      "type": "correspondence",
      "description": "Email from Mr. Chan requesting update on tiling and flooring progress",
      "status": "submitted",
      "strength": "moderate"
    },
    {
      "id": "Chat Record 20 Feb",
      "type": "chat_record",
      "description": "Messaging exchange regarding invoice discrepancies and material status",
      "status": "submitted",
      "strength": "strong"
    },
    {
      "id": "Chat Record 10/20 Feb",
      "type": "chat_record",
      "description": "WhatsApp exchange documenting tiling follow-up and invoice dispute",
      "status": "submitted",
      "strength": "strong"
    },
    {
      "id": "Email Admission",
      "type": "correspondence",
      "description": "Email from James Chen admitting to material substitutions in waterproofing",
      "status": "submitted",
      "strength": "strong"
    }
  ],
  "legal_references": [
    {
      "type": "building_code",
      "reference": "Hong Kong Building Department standards",
      "relevance": "Quality standards for renovation work"
    },
    {
      "type": "regulation",
      "reference": "eBRAM APEC Rules",
      "relevance": "Governing rules for dispute resolution"
    },
    {
      "type": "industry_standard",
      "reference": "Industry standards",
      "relevance": "Respondent claims substitutes meet these standards to justify the change"
    }
  ],
  "other_info": "Project Address: Block 88B, Yee King Court, Tai Po Plaza; Usable Area: 4,700 sq. ft.; Contractor Phone: +852 1234 5678; Contractor Email: alex.chan@zhiyuengineering.hk",
  "gaps_and_issues": [
    {
      "type": "missing_evidence",
      "description": "Contractor's signature date and formal signature line appear blank",
      "why_it_matters": "Could affect the proof of mutual execution of the contract"
    },
    {
      "type": "unsupported_claim",
      "description": "Specific brand of the 'inferior' wall paint is not named on this page",
      "why_it_matters": "Needs verification against the original contract line items"
    },
    {
      "type": "unsupported_claim",
      "description": "Specific costs for 'alternative living arrangements' are mentioned but not quantified on this page",
      "why_it_matters": "Necessary for calculating the exact compensation amount requested"
    },
    {
      "type": "gap",
      "description": "The specific date of the email is not visible in the provided text",
      "why_it_matters": "Essential for determining exactly when the delay occurred relative to the contract milestones"
    },
    {
      "type": "gap",
      "description": "The specific date of the email is not provided",
      "why_it_matters": "Prevents exact mapping of the delay against the contractual milestone of 5 Dec 2024"
    },
    {
      "type": "contradiction",
      "description": "The email header mentions 'Custom Fixtures' but the body text discusses 'Waterproofing'",
      "why_it_matters": "Indicates potential clerical errors or lack of attention to detail in Respondent's project management"
    },
    {
      "type": "gap",
      "description": "Specific date of communication is missing",
      "why_it_matters": "Prevents chronological mapping of the dispute"
    },
    {
      "type": "gap",
      "description": "Email date is missing",
      "why_it_matters": "Necessary to verify if notice was given before or after the scheduled milestone of 25 Nov 2024"
    },
    {
      "type": "missing_evidence",
      "description": "The specific dates and content of the 'unexpected charges' are not detailed on this page",
      "why_it_matters": "Essential for calculating the total disputed amount beyond the base contract"
    },
    {
      "type": "gap",
      "description": "The Respondent's reply to this inquiry is not shown on this page",
      "why_it_matters": "Necessary to see if the Respondent admitted to or justified the substitutions at that time"
    },
    {
      "type": "gap",
      "description": "The specific date of this email is missing",
      "why_it_matters": "Crucial for determining if the notification was timely according to the contract"
    },
    {
      "type": "gap",
      "description": "The date of the email is not visible",
      "why_it_matters": "Necessary to establish the timeline of when the Claimant first noticed and questioned the delay"
    },
    {
      "type": "unsupported_claim",
      "description": "Respondent claims weather delays justify extra labor charges without prior client approval",
      "why_it_matters": "Determines if the Respondent breached the contract by charging beyond the agreed sum"
    },
    {
      "type": "contradiction",
      "description": "Email is addressed to 'Mr. Lee' despite the case being filed by Mr. Chan Tai Man",
      "why_it_matters": "May indicate administrative confusion or involvement of an undisclosed representative"
    },
    {
      "type": "gap",
      "description": "The specific date of the email and the actual promised documents are missing",
      "why_it_matters": "Necessary to verify if the Respondent met their self-imposed deadline for transparency"
    },
    {
      "type": "gap",
      "description": "The date of the formal request is missing",
      "why_it_matters": "Crucial for determining the Respondent's response time to a formal demand"
    },
    {
      "type": "gap",
      "description": "Email date is missing",
      "why_it_matters": "Necessary to determine how long after the substitution the admission was made"
    },
    {
      "type": "ambiguity",
      "description": "Respondent claims substitutes are 'durable' and meet 'standards' without providing specific product names",
      "why_it_matters": "Prevents verification of the quality and value of the substituted materials"
    }
  ],
  "alleged_breaches": [
    {
      "by": "Respondent",
      "against": "Claimant",
      "description": "Use of inferior materials (tiles, waterproofing, fixtures) in breach of contract specifications"
    },
    {
      "by": "Respondent",
      "against": "Mr. Chan",
      "description": "Unauthorized material substitutions and failure to provide timely project updates"
    },
    {
      "by": "Respondent",
      "against": "Mr. Chan",
      "description": "Failure to inform client in advance of material substitutions",
      "clause_violated": "Material specifications"
    }
  ],
  "contractual_vs_actual": [
    {
      "item": "Floor Tiles",
      "specified": "Porcelain, 10mm, Brand A",
      "actual": "Ceramic, 6mm, Brand X",
      "discrepancy": "Thinner, less durable, uneven finish"
    },
    {
      "item": "Waterproofing",
      "specified": "Brand B membrane, 3-layer",
      "actual": "Generic roll-on sealant",
      "discrepancy": "Lower water resistance, early signs of failure"
    },
    {
      "item": "Fixtures",
      "specified": "Stainless steel (Brand C)",
      "actual": "Chrome-plated plastic",
      "discrepancy": "Prone to corrosion, aesthetic downgrade"
    },
    {
      "item": "Waterproofing",
      "specified": "Contractual brand and thickness",
      "actual": "Non-branded substitutes",
      "discrepancy": "Insufficient thickness, lower quality and durability"
    },
    {
      "item": "Wall Paint",
      "specified": "Contractual standards",
      "actual": "Inferior materials",
      "discrepancy": "Visible flaws and nonconformance"
    },
    {
      "item": "Fixtures",
      "specified": "Stainless steel",
      "actual": "Chrome-plated plastic",
      "discrepancy": "High risk of corrosion and mechanical failure"
    },
    {
      "item": "Demolition Completion",
      "specified": "10 Nov 2024",
      "actual": "18 Nov 2024",
      "discrepancy": "8 days delay"
    },
    {
      "item": "Tiling Completion",
      "specified": "25 Nov 2024",
      "actual": "10 Dec 2024",
      "discrepancy": "15 days delay"
    },
    {
      "item": "Waterproofing Completion",
      "specified": "5 Dec 2024",
      "actual": "20 Dec 2024",
      "discrepancy": "15 days delay"
    },
    {
      "item": "Final Handover",
      "specified": "15 Jan 2025",
      "actual": "7 Feb 2025",
      "discrepancy": "23 days delay"
    }
  ],
  "disputed_issues": [
    {
      "issue_id": "DELAY_001",
      "title": "Project Completion Delay",
      "details": "Total delay of 23 days in final handover, impacting property use and living costs",
      "priority": "high"
    },
    {
      "issue_id": "DELAY_001",
      "title": "Cumulative Project Delays",
      "details": "Respondent's failure to meet milestones leading to extended project duration and inability to occupy property",
      "priority": "high"
    },
    {
      "issue_id": "DELAY_002",
      "title": "Custom Fixture Delivery Delay",
      "details": "Estimated two-week delay due to supplier production issues and backlog",
      "priority": "medium"
    },
    {
      "issue_id": "DELAY_003",
      "title": "Waterproofing Installation Delay",
      "details": "Ten-day delay attributed to heavy rain preventing proper application conditions",
      "priority": "medium"
    },
    {
      "issue_id": "DELAY_003",
      "title": "Waterproofing Installation Delay",
      "details": "Ten-day delay due to heavy rain and inability to maintain dry conditions",
      "priority": "medium"
    },
    {
      "issue_id": "DELAY_004",
      "title": "Tiling and Flooring Installation Delay",
      "details": "Two-week delay due to supplier shipment issues and tile shortage",
      "priority": "medium"
    },
    {
      "issue_id": "COMM_001",
      "title": "Inadequate Communication",
      "details": "Respondent provided delayed or insufficient responses to project inquiries",
      "priority": "medium"
    },
    {
      "issue_id": "COST_001",
      "title": "Unexpected Charges",
      "details": "Inquiries regarding additional charges not included in the original contract",
      "priority": "high"
    },
    {
      "issue_id": "MAT_001",
      "title": "Unauthorized Material Substitutions",
      "details": "Tiling and waterproofing materials appear different from contract specifications",
      "priority": "high"
    },
    {
      "issue_id": "DELAY_004",
      "title": "Tiling and Flooring Installation Delay",
      "details": "Two-week delay confirmed by Respondent due to supplier shipment issues",
      "priority": "medium"
    },
    {
      "issue_id": "DELAY_004",
      "title": "Tiling and Flooring Installation Delay",
      "details": "Phase not completed according to the original schedule",
      "priority": "medium"
    },
    {
      "issue_id": "COST_001",
      "title": "Unauthorized Specialized Labor Charges",
      "details": "Additional charges for waterproofing labor attributed to weather delays, not in original agreement",
      "priority": "high"
    },
    {
      "issue_id": "DELAY_004",
      "title": "Tiling Material Shortage",
      "details": "Ongoing wait for tile delivery from supplier",
      "priority": "medium"
    },
    {
      "issue_id": "COST_001",
      "title": "Unauthorized Specialized Labor Charges",
      "details": "Respondent acknowledges need to provide breakdown of extra costs incurred",
      "priority": "high"
    },
    {
      "issue_id": "DELAY_001",
      "title": "Cumulative Project Delays",
      "details": "Respondent acknowledges need for an updated project schedule",
      "priority": "high"
    },
    {
      "issue_id": "DELAY_001",
      "title": "Cumulative Project Delays",
      "details": "Multiple delays across project phases requiring a clear completion date",
      "priority": "high"
    },
    {
      "issue_id": "MAT_001",
      "title": "Unauthorized Material Substitutions",
      "details": "Request for formal documentation on changes made to specified materials",
      "priority": "high"
    },
    {
      "issue_id": "COST_001",
      "title": "Unauthorized Extra Charges",
      "details": "Request for documentation justifying additional costs applied",
      "priority": "high"
    },
    {
      "issue_id": "DELAY_004",
      "title": "Tiling and Flooring Installation Delay",
      "details": "Ongoing delay as of 10 Feb 2025 due to tile shipment issues",
      "priority": "medium"
    },
    {
      "issue_id": "COST_001",
      "title": "Unauthorized Specialized Labor Charges",
      "details": "Additional labor costs for waterproofing attributed to weather delays, challenged by client",
      "priority": "high"
    },
    {
      "issue_id": "MAT_001",
      "title": "Unauthorized Material Substitutions",
      "details": "Respondent confirmed waterproofing products were replaced without prior notice",
      "priority": "high"
    }
  ],
  "submitting_party_objectives": {
    "desired_outcome": [
      "Compensation for delays and alternative living arrangements"
    ]
  },
  "communications": [
    {
      "date": "Unknown",
      "action": "Email sent to Mr. Chan",
      "by": "James Chen (Project Manager)",
      "to": "Chan Tai Man",
      "type": "email",
      "topic": "Delay in Delivery of Custom Fixtures for Interior Work",
      "outcome": "Respondent admitted to a 2-week delay citing supplier issues"
    },
    {
      "date": "Unknown",
      "action": "Email sent to Mr. Chan",
      "by": "James Chen (Project Manager)",
      "to": "Chan Tai Man",
      "type": "email",
      "topic": "Update on Waterproofing Installation Delay",
      "outcome": "Respondent admitted to a 10-day delay citing weather conditions"
    },
    {
      "date": "Unknown",
      "action": "Email sent to Mr. Chan",
      "by": "James Chen (Project Manager)",
      "to": "Chan Tai Man",
      "type": "email",
      "topic": "Delay in Delivery of Custom Fixtures (Header) / Waterproofing (Body)",
      "outcome": "Respondent notified client of a 10-day delay"
    },
    {
      "date": "Unknown",
      "action": "Email sent to Mr. Chan",
      "by": "James Chen (Project Manager)",
      "to": "Chan Tai Man",
      "type": "email",
      "topic": "Delay Notification for Tiling and Flooring Installation",
      "outcome": "Respondent admitted to a 2-week delay citing supply chain issues"
    },
    {
      "date": "15th February 2025",
      "action": "Email sent to James Chen",
      "by": "Chan Tai Man",
      "to": "James Chen",
      "type": "email",
      "topic": "Inquiry About Material Substitutions",
      "outcome": "Formal request for clarification on material changes"
    },
    {
      "date": "Unknown",
      "action": "Email reply to Mr. Chan",
      "by": "James Chen (Project Manager)",
      "to": "Chan Tai Man",
      "type": "email",
      "topic": "RE: Inquiry About Project Delays",
      "outcome": "Respondent admitted to a 2-week delay and apologized for the inconvenience"
    },
    {
      "date": "Unknown",
      "action": "Email sent to James Chen",
      "by": "Chan Tai Man",
      "to": "James Chen",
      "type": "email",
      "topic": "Inquiry About Project Delays",
      "outcome": "Formal request for progress update and expected completion date"
    },
    {
      "date": "20th February 2025",
      "action": "Messaging exchange",
      "by": "Mr. Chan",
      "to": "James",
      "type": "other",
      "topic": "Invoice inquiry and specialized labor charges",
      "outcome": "Mr. Chan demanded an itemized breakdown; James promised it by tomorrow"
    },
    {
      "date": "Unknown",
      "action": "Email reply to Mr. Lee",
      "by": "James Chen",
      "to": "Mr. Lee",
      "type": "email",
      "topic": "RE: Formal Request for Project Updates",
      "outcome": "Respondent promised to provide updated schedule and cost breakdown by end of week"
    },
    {
      "date": "Unknown",
      "action": "Formal email sent to James Chen",
      "by": "Chan Tai Man",
      "to": "James Chen",
      "type": "email",
      "topic": "Formal Request for Project Updates",
      "outcome": "Formal demand for schedule, material, and cost documentation"
    },
    {
      "date": "10th February 2025",
      "action": "Message follow-up",
      "by": "Mr. Chan",
      "to": "James",
      "type": "other",
      "topic": "Tiling update",
      "outcome": "Respondent promised materials would arrive next week"
    },
    {
      "date": "20th February 2025",
      "action": "Message inquiry",
      "by": "Mr. Chan",
      "to": "James",
      "type": "other",
      "topic": "Invoice dispute",
      "outcome": "Claimant requested itemized breakdown of specialized labor"
    },
    {
      "date": "Unknown",
      "action": "Email reply to Mr. Chan",
      "by": "James Chen",
      "to": "Chan Tai Man",
      "type": "email",
      "topic": "RE: Inquiry About Material Substitutions",
      "outcome": "Respondent admitted to substitutions and apologized for lack of prior notice"
    }
  ],
  "third_parties": [
    {
      "name": "Unnamed Supplier",
      "role": "Material Supplier",
      "involvement": "Encountered production issues causing fixture delivery backlog"
    },
    {
      "name": "Unnamed Supplier",
      "role": "Material Supplier",
      "involvement": "Encountered shipment issues causing a shortage of specified tiles"
    },
    {
      "name": "Unnamed Supplier",
      "role": "Material Supplier",
      "involvement": "Shipment issues causing material shortage for tiling phase"
    },
    {
      "name": "Mr. Lee",
      "role": "Recipient",
      "involvement": "Addressed as the recipient of the project update instead of Mr. Chan"
    }
  ],
  "emotional_cues": [
    {
      "cue": "Regret and apology",
      "source": "James Chen",
      "implication": "Acknowledgment of fault or at least responsibility for the schedule slippage"
    },
    {
      "cue": "Apologetic",
      "source": "James Chen",
      "implication": "Maintains professional responsibility while attributing cause to external factors"
    },
    {
      "cue": "Regret and reassurance",
      "source": "James Chen",
      "implication": "Attempts to mitigate client frustration by promising to expedite delivery"
    },
    {
      "cue": "Breakdown in trust",
      "source": "Mr. Chan",
      "implication": "Indicates a significant deterioration of the professional relationship"
    },
    {
      "cue": "Apologetic",
      "source": "James Chen",
      "implication": "Acknowledgment of the impact of the delay on the client"
    },
    {
      "cue": "Firmness/Skepticism",
      "source": "Mr. Chan",
      "implication": "Claimant is closely monitoring costs and will not accept undocumented charges"
    },
    {
      "cue": "Persistence",
      "source": "Mr. Chan",
      "implication": "Claimant is actively tracking the schedule and costs"
    },
    {
      "cue": "Apologetic",
      "source": "James Chen",
      "implication": "Admission of procedural fault regarding client communication"
    }
  ],
  "proposed_solutions": [
    {
      "solution": "Provision of an updated schedule and cost breakdown",
      "conditions": "To be sent by the end of the week"
    }
  ]
}
```


[Agent B 消息 3 — 综合分析请求]

以上是全部 2 份材料的完整分析结果，请基于所有材料进行综合分析。

================================================================================
调用 /pdf/session/analyze
================================================================================
  [analysis_start] 开始综合分析，共 2 份材料...
  [analysis_sending] 正在发送材料 1/2：《UC1_0_negotiation_intake_form (Party A).pdf》...
  [analysis_sending] 正在发送材料 2/2：《UC1_1_exihibit_submission (Party A).pdf》...
  [analysis_sending] 正在请求综合分析...
  [analysis_result] status=success, 长度=2293 字符
  [analysis_complete] 综合分析完成，共分析 2 份材料

================================================================================
AGENT B — 综合分析结果
================================================================================
好的，以下是基于您提供的两份材料（《UC1_0_negotiation_intake_form (Party A).pdf》与《UC1_1_exihibit_submission (Party A).pdf》）的综合分析，涵盖案件事实、争议焦点、证据链、法律与合同依据、证据缺口与风险、以及谈判与诉讼建议。

---

# 一、案件事实与争议全貌

1. **基本案情**
   - 业主陈泰民（由律师代理）与志宇工程公司签订装修合同，金额HK$2,202,000，工期75天（2024年11月1日至2025年1月15日），项目为大埔广场怡景阁88B座4,700呎住宅室内装修。
   - 合同约定高规格材料，所有替换须书面同意，付款分三期，设有工期延误罚则，争议解决机制为eBRAM APEC规则。

2. **主要争议点**
   - **工期严重延误**：实际交付时间为2025年2月7日，较原定晚23天。分阶段均有延误，导致业主需额外安排住宿和物流。
   - **材料降级与未经批准替换**：实际使用材料（如6mm陶瓷砖、无品牌防水、塑料五金）与合同约定（10mm瓷砖、品牌防水、不锈钢五金）不符，且未获业主书面同意。
   - **额外费用争议**：承包商提出“特殊工种”加收费用，业主质疑未事先协商，要求明细，对方承诺补发但未见落实。
   - **沟通不畅与信息披露不足**：业主多次正式发函、邮件、WhatsApp要求进度、材料、费用明细，对方回复延迟且信息不充分，部分邮件收件人出现“Mr. Lee”疑似行政错误。

---

# 二、证据链与证明力分析

1. **合同文件**：原始签约合同（Exhibit A）详细载明材料、工期、付款、变更审批等条款，是案件核心证据。
2. **材料对比与专家报告**：带注释的照片、对比表、专家意见书、独立顾问报告（Exhibit B），证明实际材料与合同不符，且有质量隐患。
3. **工期延误证据**：进度对比图表、邮件、WhatsApp聊天记录（Exhibit C、D），对方多次邮件承认延误，归因于供应商、天气等外部因素。
4. **费用争议证据**：聊天记录、邮件往来，显示业主对额外费用提出质疑并要求明细，对方承诺补发但未见实质回应。
5. **对方承认材料替换邮件**：项目经理James Chen邮件承认因供应问题更换防水材料，未事先通知业主，并致歉。

**证据链完整性评价**：
- 证据链条较为完整，涵盖合同、过程沟通、实物照片、专家报告、对方承认函件。
- 但部分关键邮件缺具体日期，部分损失金额未量化，合同签字栏疑似空白，需补充完善。

---

# 三、法律与合同依据

1. **合同明文条款**
   - 材料替换需业主书面同意，实际未履行，构成违约。
   - 工期延误设有罚则，且对方多次承认延误事实。
   - 争议解决机制明确为eBRAM APEC规则，便于后续仲裁或调解。
   - 工程须符合香港屋宇署标准，材料降级可能涉及质量与安全合规风险。

2. **法律适用**
   - 合同法、香港建筑相关法规。
   - 若对方以“不可抗力”或“行业标准”抗辩，需结合合同约定及专家报告反驳。

---

# 四、证据缺口与风险提示

1. **证据缺口**
   - 多封关键邮件缺具体日期，影响延误与通知责任的精确认定。
   - 合同承包商签名栏/日期疑似空白，可能影响合同效力抗辩。
   - 额外住宿费用等损失金额未在材料中量化，需补充票据或第三方证明。
   - 部分材料品牌未明示，需与合同条款核对。
   - 邮件收件人偶有“Mr. Lee”，需澄清是否为业主代表或行政失误。

2. **潜在风险**
   - 对方可能以供应链、天气等不可抗力抗辩部分延误或材料替换。
   - 额外费用如无明细，对方可能主张为合理追加，需业主举证合同约定为“包干价”且未事先协商。

---

# 五、业主诉求与谈判/诉讼建议

1. **业主主张**
   - 全额退还未经批准的额外收费
   - 赔偿因延误产生的额外住宿与物流费用
   - 赔偿因材料降级导致的物业贬值（HK$220,000，独立评估师报告支持）
   - 材料缺陷的修复或等值现金补偿
   - 保证不再收取额外费用，后续材料与费用透明

2. **谈判建议**
   - 以合同明文条款和对方承认函件为基础，要求对方撤销不合理收费、赔偿损失。
   - 针对材料替换与工期延误，建议提出“现金补偿+后续质量保证”一揽子和解方案。
   - 要求对方签署补充协议，明确后续履约标准及沟通机制，防止类似问题再次发生。
   - 如对方坚持不可抗力抗辩，建议以专家报告、合同条款反驳，并保留诉讼/仲裁权利。

3. **诉讼/仲裁准备**
   - 补充所有关键证据的时间节点、金额明细、合同签署完整性证明。
   - 梳理证据链条，突出对方多次承认延误及材料替换、业主多次善意沟通未果的事实。
   - 准备好所有票据、第三方评估报告、沟通记录原件备查。

---

# 六、结论

本案业主证据链较为完整，合同条款明确，对方多次承认延误及材料替换，业主主张有充分法律与事实基础。建议在谈判中坚持合同约定和实际损失主张，灵活采用现金补偿或后续质量保证等多元方案，必要时可据此材料启动仲裁/诉讼程序。

如需进一步对比对方（Party B）材料、梳理反驳要点或起草和解协议，可基于本综合分析进行针对性补充。

================================================================================
测试完成
================================================================================
